
 Start  Stop   Length Name               Class

 00000H 02519H 0251AH _TEXT              CODE
 0251AH 02767H 0024EH TEST_TEXT          CODE
 02768H 0283DH 000D6H OS_CPU_A_TEXT      CODE
 0283EH 02A13H 001D6H OS_CPU_C_TEXT      CODE
 02A14H 02D90H 0037DH PC_TEXT            CODE
 02D91H 06582H 037F2H UCOS_II_TEXT       CODE
 06590H 06590H 00000H _FARDATA           FAR_DATA
 06590H 06590H 00000H _FARBSS            FAR_BSS
 06590H 06590H 00000H _OVERLAY_          OVRINFO
 06590H 06590H 00000H _1STUB_            STUBSEG
 06590H 06A9DH 0050EH _DATA              DATA
 06A9EH 06A9FH 00002H _CVTSEG            DATA
 06AA0H 06AA5H 00006H _SCNSEG            DATA
 06AA6H 06AA6H 00000H _CONST             CONST
 06AA6H 06AB1H 0000CH _INIT_             INITDATA
 06AB2H 06AB2H 00000H _INITEND_          INITDATA
 06AB2H 06AB2H 00000H _EXIT_             EXITDATA
 06AB2H 06AB2H 00000H _EXITEND_          EXITDATA
 06AB2H 08B9BH 020EAH _BSS               BSS
 08B9CH 08B9CH 00000H _BSSEND            BSSEND
 08BA0H 08C1FH 00080H _STACK             STACK


Detailed map of segments

 0000:0000 0295 C=CODE   S=_TEXT          G=(none)  M=c0.ASM     ACBP=28
 0000:0295 002D C=CODE   S=_TEXT          G=(none)  M=ATEXIT     ACBP=28
 0000:02C2 0093 C=CODE   S=_TEXT          G=(none)  M=EXIT       ACBP=28
 0000:0355 0000 C=CODE   S=_TEXT          G=(none)  M=FILES      ACBP=28
 0000:0355 0000 C=CODE   S=_TEXT          G=(none)  M=FILES2     ACBP=28
 0000:0355 0017 C=CODE   S=_TEXT          G=(none)  M=F_LXMUL    ACBP=28
 0000:036C 0026 C=CODE   S=_TEXT          G=(none)  M=GETDATE    ACBP=28
 0000:0392 00AE C=CODE   S=_TEXT          G=(none)  M=H_LDIV     ACBP=28
 0000:0440 0021 C=CODE   S=_TEXT          G=(none)  M=H_LLSH     ACBP=28
 0000:0461 0021 C=CODE   S=_TEXT          G=(none)  M=H_LURSH    ACBP=28
 0000:0482 0060 C=CODE   S=_TEXT          G=(none)  M=H_PADD     ACBP=28
 0000:04E2 004B C=CODE   S=_TEXT          G=(none)  M=IOERROR    ACBP=28
 0000:052D 0011 C=CODE   S=_TEXT          G=(none)  M=ISATTY     ACBP=28
 0000:053E 00A2 C=CODE   S=_TEXT          G=(none)  M=LONGTOA    ACBP=28
 0000:05E0 0029 C=CODE   S=_TEXT          G=(none)  M=LSEEK      ACBP=28
 0000:0609 0021 C=CODE   S=_TEXT          G=(none)  M=N_PCMP     ACBP=28
 0000:062A 00BA C=CODE   S=_TEXT          G=(none)  M=SETUPIO    ACBP=28
 0000:06E4 0000 C=CODE   S=_TEXT          G=(none)  M=STKLEN     ACBP=28
 0000:06E4 04DB C=CODE   S=_TEXT          G=(none)  M=VPRINTER   ACBP=28
 0000:0BBF 009F C=CODE   S=_TEXT          G=(none)  M=VRAM       ACBP=28
 0000:0C5E 0000 C=CODE   S=_TEXT          G=(none)  M=WSCROLL    ACBP=28
 0000:0C5E 014E C=CODE   S=_TEXT          G=(none)  M=CPRINTF    ACBP=28
 0000:0DAC 01A5 C=CODE   S=_TEXT          G=(none)  M=CRTINIT    ACBP=28
 0000:0F51 001F C=CODE   S=_TEXT          G=(none)  M=CVTFAK     ACBP=28
 0000:0F70 0432 C=CODE   S=_TEXT          G=(none)  M=FARHEAP    ACBP=28
 0000:13A2 0140 C=CODE   S=_TEXT          G=(none)  M=FBRK       ACBP=28
 0000:14E2 005E C=CODE   S=_TEXT          G=(none)  M=GETCH      ACBP=28
 0000:1540 00AC C=CODE   S=_TEXT          G=(none)  M=GPTEXT     ACBP=28
 0000:15EC 0012 C=CODE   S=_TEXT          G=(none)  M=KBHIT      ACBP=28
 0000:15FE 009D C=CODE   S=_TEXT          G=(none)  M=MOVETEXT   ACBP=28
 0000:169B 0017 C=CODE   S=_TEXT          G=(none)  M=PUTCH      ACBP=28
 0000:16B2 0004 C=CODE   S=_TEXT          G=(none)  M=REALCVT    ACBP=28
 0000:16B6 01C7 C=CODE   S=_TEXT          G=(none)  M=SCREEN     ACBP=28
 0000:187D 018E C=CODE   S=_TEXT          G=(none)  M=SCROLL     ACBP=28
 0000:1A0B 001C C=CODE   S=_TEXT          G=(none)  M=SETBLOCK   ACBP=28
 0000:1A27 006A C=CODE   S=_TEXT          G=(none)  M=SETJMP     ACBP=28
 0000:1A91 002C C=CODE   S=_TEXT          G=(none)  M=WHEREXY    ACBP=28
 0000:1ABD 00CD C=CODE   S=_TEXT          G=(none)  M=FFLUSH     ACBP=28
 0000:1B8A 0042 C=CODE   S=_TEXT          G=(none)  M=FLUSHALL   ACBP=28
 0000:1BCC 01E2 C=CODE   S=_TEXT          G=(none)  M=FSEEK      ACBP=28
 0000:1DAE 0024 C=CODE   S=_TEXT          G=(none)  M=MEMCPY     ACBP=28
 0000:1DD2 001B C=CODE   S=_TEXT          G=(none)  M=PRINTF     ACBP=28
 0000:1DED 03C8 C=CODE   S=_TEXT          G=(none)  M=PUTC       ACBP=28
 0000:21B5 011D C=CODE   S=_TEXT          G=(none)  M=SETVBUF    ACBP=28
 0000:22D2 0083 C=CODE   S=_TEXT          G=(none)  M=SPRINTF    ACBP=28
 0000:2355 0151 C=CODE   S=_TEXT          G=(none)  M=WRITE      ACBP=28
 0000:24A6 003C C=CODE   S=_TEXT          G=(none)  M=WRITEA     ACBP=28
 0000:24E2 0038 C=CODE   S=_TEXT          G=(none)  M=XFFLUSH    ACBP=28
 0251:000A 024E C=CODE   S=TEST_TEXT      G=(none)  M=test.c     ACBP=28
 0276:0008 00D6 C=CODE   S=OS_CPU_A_TEXT  G=(none)  M=\SOFTWARE\uCOS-II\Ix86L\BC45\OS_CPU_A.ASM ACBP=48
 0283:000E 01D6 C=CODE   S=OS_CPU_C_TEXT  G=(none)  M=os_cpu_c.c ACBP=28
 02A1:0004 037D C=CODE   S=PC_TEXT        G=(none)  M=pc.c       ACBP=28
 02D9:0001 37F2 C=CODE   S=UCOS_II_TEXT   G=(none)  M=ucos_ii.c  ACBP=28
 0659:0000 0000 C=FAR_DATA S=_FARDATA       G=(none)  M=c0.ASM     ACBP=68
 0659:0000 0000 C=FAR_BSS S=_FARBSS        G=(none)  M=c0.ASM     ACBP=68
 0659:0000 0000 C=OVRINFO S=_OVERLAY_      G=(none)  M=c0.ASM     ACBP=68
 0659:0000 0000 C=STUBSEG S=_1STUB_        G=(none)  M=c0.ASM     ACBP=68
 0659:0000 0093 C=DATA   S=_DATA          G=DGROUP  M=c0.ASM     ACBP=68
 0659:0094 002C C=DATA   S=_DATA          G=DGROUP  M=test.c     ACBP=48
 0659:00C0 0000 C=DATA   S=_DATA          G=DGROUP  M=\SOFTWARE\uCOS-II\Ix86L\BC45\OS_CPU_A.ASM ACBP=48
 0659:00C0 0000 C=DATA   S=_DATA          G=DGROUP  M=os_cpu_c.c ACBP=48
 0659:00C0 001F C=DATA   S=_DATA          G=DGROUP  M=pc.c       ACBP=48
 0659:00E0 014A C=DATA   S=_DATA          G=DGROUP  M=ucos_ii.c  ACBP=48
 0659:022A 0002 C=DATA   S=_DATA          G=DGROUP  M=ATEXIT     ACBP=48
 0659:022C 000C C=DATA   S=_DATA          G=DGROUP  M=EXIT       ACBP=48
 0659:0238 0190 C=DATA   S=_DATA          G=DGROUP  M=FILES      ACBP=48
 0659:03C8 002A C=DATA   S=_DATA          G=DGROUP  M=FILES2     ACBP=48
 0659:03F2 0000 C=DATA   S=_DATA          G=DGROUP  M=F_LXMUL    ACBP=48
 0659:03F2 0000 C=DATA   S=_DATA          G=DGROUP  M=GETDATE    ACBP=48
 0659:03F2 0000 C=DATA   S=_DATA          G=DGROUP  M=H_LDIV     ACBP=48
 0659:03F2 0000 C=DATA   S=_DATA          G=DGROUP  M=H_LLSH     ACBP=48
 0659:03F2 0000 C=DATA   S=_DATA          G=DGROUP  M=H_LURSH    ACBP=48
 0659:03F2 0000 C=DATA   S=_DATA          G=DGROUP  M=H_PADD     ACBP=48
 0659:03F2 005B C=DATA   S=_DATA          G=DGROUP  M=IOERROR    ACBP=48
 0659:044E 0000 C=DATA   S=_DATA          G=DGROUP  M=ISATTY     ACBP=48
 0659:044E 0000 C=DATA   S=_DATA          G=DGROUP  M=LONGTOA    ACBP=48
 0659:044E 0000 C=DATA   S=_DATA          G=DGROUP  M=LSEEK      ACBP=48
 0659:044E 0000 C=DATA   S=_DATA          G=DGROUP  M=N_PCMP     ACBP=48
 0659:044E 0000 C=DATA   S=_DATA          G=DGROUP  M=SETUPIO    ACBP=48
 0659:044E 0002 C=DATA   S=_DATA          G=DGROUP  M=STKLEN     ACBP=48
 0659:0450 0067 C=DATA   S=_DATA          G=DGROUP  M=VPRINTER   ACBP=48
 0659:04B8 0000 C=DATA   S=_DATA          G=DGROUP  M=VRAM       ACBP=48
 0659:04B8 0002 C=DATA   S=_DATA          G=DGROUP  M=WSCROLL    ACBP=48
 0659:04BA 0000 C=DATA   S=_DATA          G=DGROUP  M=CPRINTF    ACBP=48
 0659:04BA 0018 C=DATA   S=_DATA          G=DGROUP  M=CRTINIT    ACBP=48
 0659:04D2 0031 C=DATA   S=_DATA          G=DGROUP  M=CVTFAK     ACBP=48
 0659:0504 0000 C=DATA   S=_DATA          G=DGROUP  M=FARHEAP    ACBP=48
 0659:0504 0002 C=DATA   S=_DATA          G=DGROUP  M=FBRK       ACBP=48
 0659:0506 0000 C=DATA   S=_DATA          G=DGROUP  M=GETCH      ACBP=48
 0659:0506 0000 C=DATA   S=_DATA          G=DGROUP  M=GPTEXT     ACBP=48
 0659:0506 0002 C=DATA   S=_DATA          G=DGROUP  M=KBHIT      ACBP=48
 0659:0508 0000 C=DATA   S=_DATA          G=DGROUP  M=MOVETEXT   ACBP=48
 0659:0508 0000 C=DATA   S=_DATA          G=DGROUP  M=PUTCH      ACBP=48
 0659:0508 0000 C=DATA   S=_DATA          G=DGROUP  M=REALCVT    ACBP=48
 0659:0508 0000 C=DATA   S=_DATA          G=DGROUP  M=SCREEN     ACBP=48
 0659:0508 0000 C=DATA   S=_DATA          G=DGROUP  M=SCROLL     ACBP=48
 0659:0508 0000 C=DATA   S=_DATA          G=DGROUP  M=SETBLOCK   ACBP=48
 0659:0508 0000 C=DATA   S=_DATA          G=DGROUP  M=SETJMP     ACBP=48
 0659:0508 0000 C=DATA   S=_DATA          G=DGROUP  M=WHEREXY    ACBP=48
 0659:0508 0000 C=DATA   S=_DATA          G=DGROUP  M=FFLUSH     ACBP=48
 0659:0508 0000 C=DATA   S=_DATA          G=DGROUP  M=FLUSHALL   ACBP=48
 0659:0508 0000 C=DATA   S=_DATA          G=DGROUP  M=FSEEK      ACBP=48
 0659:0508 0000 C=DATA   S=_DATA          G=DGROUP  M=MEMCPY     ACBP=48
 0659:0508 0000 C=DATA   S=_DATA          G=DGROUP  M=PRINTF     ACBP=48
 0659:0508 0001 C=DATA   S=_DATA          G=DGROUP  M=PUTC       ACBP=48
 0659:050A 0004 C=DATA   S=_DATA          G=DGROUP  M=SETVBUF    ACBP=48
 0659:050E 0000 C=DATA   S=_DATA          G=DGROUP  M=SPRINTF    ACBP=48
 0659:050E 0000 C=DATA   S=_DATA          G=DGROUP  M=WRITE      ACBP=48
 0659:050E 0000 C=DATA   S=_DATA          G=DGROUP  M=WRITEA     ACBP=48
 0659:050E 0000 C=DATA   S=_DATA          G=DGROUP  M=XFFLUSH    ACBP=48
 0659:050E 0000 C=DATA   S=_CVTSEG        G=DGROUP  M=c0.ASM     ACBP=48
 0659:050E 0002 C=DATA   S=_CVTSEG        G=DGROUP  M=CVTFAK     ACBP=48
 0659:0510 0000 C=DATA   S=_CVTSEG        G=DGROUP  M=REALCVT    ACBP=48
 0659:0510 0000 C=DATA   S=_SCNSEG        G=DGROUP  M=c0.ASM     ACBP=48
 0659:0510 0006 C=DATA   S=_SCNSEG        G=DGROUP  M=CVTFAK     ACBP=48
 0659:0516 0000 C=CONST  S=_CONST         G=DGROUP  M=c0.ASM     ACBP=48
 0659:0516 0000 C=INITDATA S=_INIT_         G=DGROUP  M=c0.ASM     ACBP=48
 0659:0516 0006 C=INITDATA S=_INIT_         G=DGROUP  M=SETUPIO    ACBP=48
 0659:051C 0006 C=INITDATA S=_INIT_         G=DGROUP  M=CRTINIT    ACBP=48
 0659:0522 0000 C=INITDATA S=_INITEND_      G=DGROUP  M=c0.ASM     ACBP=28
 0659:0522 0000 C=EXITDATA S=_EXIT_         G=DGROUP  M=c0.ASM     ACBP=48
 0659:0522 0000 C=EXITDATA S=_EXITEND_      G=DGROUP  M=c0.ASM     ACBP=28
 0659:0522 0000 C=BSS    S=_BSS           G=DGROUP  M=c0.ASM     ACBP=48
 0659:0522 13EF C=BSS    S=_BSS           G=DGROUP  M=test.c     ACBP=48
 0659:1912 0001 C=BSS    S=_BSS           G=DGROUP  M=os_cpu_c.c ACBP=48
 0659:1914 001B C=BSS    S=_BSS           G=DGROUP  M=pc.c       ACBP=48
 0659:1930 0C5A C=BSS    S=_BSS           G=DGROUP  M=ucos_ii.c  ACBP=48
 0659:258A 0080 C=BSS    S=_BSS           G=DGROUP  M=ATEXIT     ACBP=48
 0659:260A 0000 C=BSS    S=_BSS           G=DGROUP  M=IOERROR    ACBP=48
 0659:260A 0000 C=BSS    S=_BSS           G=DGROUP  M=ISATTY     ACBP=48
 0659:260A 0000 C=BSS    S=_BSS           G=DGROUP  M=LONGTOA    ACBP=48
 0659:260A 0000 C=BSS    S=_BSS           G=DGROUP  M=LSEEK      ACBP=48
 0659:260A 0000 C=BSS    S=_BSS           G=DGROUP  M=SETUPIO    ACBP=48
 0659:260A 0000 C=BSS    S=_BSS           G=DGROUP  M=VPRINTER   ACBP=48
 0659:260A 0000 C=BSS    S=_BSS           G=DGROUP  M=VRAM       ACBP=48
 0659:260A 0000 C=BSS    S=_BSS           G=DGROUP  M=CRTINIT    ACBP=48
 0659:260A 0000 C=BSS    S=_BSS           G=DGROUP  M=GETCH      ACBP=48
 0659:260A 0000 C=BSS    S=_BSS           G=DGROUP  M=KBHIT      ACBP=48
 0659:260A 0000 C=BSS    S=_BSS           G=DGROUP  M=SETBLOCK   ACBP=48
 0659:260A 0000 C=BSS    S=_BSS           G=DGROUP  M=SETJMP     ACBP=48
 0659:260A 0000 C=BSS    S=_BSS           G=DGROUP  M=MEMCPY     ACBP=48
 0659:260A 0001 C=BSS    S=_BSS           G=DGROUP  M=PUTC       ACBP=48
 0659:260C 0000 C=BSS    S=_BSS           G=DGROUP  M=WRITEA     ACBP=48
 0659:260C 0000 C=BSSEND S=_BSSEND        G=DGROUP  M=c0.ASM     ACBP=28
 08BA:0000 0080 C=STACK  S=_STACK         G=(none)  M=c0.ASM     ACBP=74

  Address         Publics by Name

 0659:0000 idle  DATASEG@
 0000:0291 idle  DGROUP@
 0000:0395 idle  F_LDIV@
 0000:03A4 idle  F_LMOD@
 0000:039C       F_LUDIV@
 0000:03AC idle  F_LUMOD@
 0000:0443       F_LXLSH@
 0000:0355       F_LXMUL@
 0000:0464       F_LXURSH@
 0000:0485 idle  F_PADD@
 0000:04B4 idle  F_PSUB@
 0000:0395 idle  LDIV@
 0000:03A4 idle  LMOD@
 0000:039C idle  LUDIV@
 0000:03AC idle  LUMOD@
 0000:0443 idle  LXLSH@
 0000:0355 idle  LXMUL@
 0000:0464 idle  LXURSH@
 0000:0392 idle  N_LDIV@
 0000:03A1 idle  N_LMOD@
 0000:0399 idle  N_LUDIV@
 0000:03A9 idle  N_LUMOD@
 0000:0440       N_LXLSH@
 0000:0461 idle  N_LXURSH@
 0000:0482       N_PADD@
 0000:0609       N_PCMP@
 0000:04B1 idle  N_PSUB@
 0000:0485 idle  PADD@
 0000:04B4 idle  PSUB@
 0000:027A       _abort
 0000:0295 idle  _atexit
 0000:0D90 idle  _cprintf
 0659:1529       _CxtSwBuf
 0659:0094       _CxtSwBufIndex
 0659:04C9       _directvideo
 0659:007F       _errno
 0000:031A       _exit
 0000:10B0 idle  _farfree
 0000:11C4 idle  _farmalloc
 0000:1328 idle  _farrealloc
 0000:1ABD       _fflush
 0000:1B8A       _flushall
 0000:1E09 idle  _fputc
 0000:1F9E idle  _fputchar
 0000:10B0       _free
 0000:1C4E       _fseek
 0000:1CCE idle  _ftell
 0000:14E2       _getch
 0000:14FE idle  _getche
 0000:036C       _getdate
 0000:1540       _gettext
 0000:037F       _gettime
 0000:052D       _isatty
 0000:15EC       _kbhit
 0000:1A5D       _longjmp
 0000:05E0       _lseek
 0251:000A       _main
 0000:11BA       _malloc
 0000:1DAE       _memcpy
 0000:15FE       _movetext
 0659:1930 idle  _numStr
 0659:2546 idle  _OSCPUUsage
 0276:0026       _OSCtxSw
 0659:2586       _OSCtxSwCtr
 0659:2582 idle  _OSEventFreeList
 0659:256E idle  _OSEventTbl
 02D9:0936 idle  _OSFlagAccept
 02D9:0A68 idle  _OSFlagCreate
 02D9:0AE0 idle  _OSFlagDel
 0659:2547 idle  _OSFlagFreeList
 02D9:0C22 idle  _OSFlagPend
 02D9:0E7C idle  _OSFlagPost
 02D9:101C idle  _OSFlagQuery
 0659:254B idle  _OSFlagTbl
 0659:212F idle  _OSIdleCtr
 0659:2542 idle  _OSIdleCtrMax
 0659:253E idle  _OSIdleCtrRun
 02D9:0001       _OSInit
 0283:000E       _OSInitHookBegin
 0283:000F       _OSInitHookEnd
 0276:0061       _OSIntCtxSw
 02D9:0039 idle  _OSIntEnter
 02D9:004C       _OSIntExit
 0659:213B idle  _OSIntExitY
 0659:213C       _OSIntNesting
 0659:213A idle  _OSLockNesting
 0659:00E2 idle  _OSMapTbl
 02D9:12AC idle  _OSMboxAccept
 02D9:12F7 idle  _OSMboxCreate
 02D9:136C idle  _OSMboxDel
 02D9:148A idle  _OSMboxPend
 02D9:158C idle  _OSMboxPost
 02D9:1604 idle  _OSMboxPostOpt
 02D9:16A7 idle  _OSMboxQuery
 02D9:1735 idle  _OSMemCreate
 0659:1A1C idle  _OSMemFreeList
 02D9:1880 idle  _OSMemGet
 02D9:18FE idle  _OSMemPut
 02D9:196E idle  _OSMemQuery
 0659:19B8 idle  _OSMemTbl
 02D9:1ABB idle  _OSMutexAccept
 02D9:1B46 idle  _OSMutexCreate
 02D9:1C2C idle  _OSMutexDel
 02D9:1D86 idle  _OSMutexPend
 02D9:1F71 idle  _OSMutexPost
 02D9:20F9 idle  _OSMutexQuery
 0659:2139       _OSPrioCur
 0659:2138       _OSPrioHighRdy
 02D9:21AE idle  _OSQAccept
 02D9:224E idle  _OSQCreate
 02D9:2371 idle  _OSQDel
 02D9:24EE idle  _OSQFlush
 0659:19B4 idle  _OSQFreeList
 02D9:2546 idle  _OSQPend
 02D9:268C idle  _OSQPost
 02D9:2754 idle  _OSQPostFront
 02D9:2816 idle  _OSQPostOpt
 02D9:2954 idle  _OSQQuery
 0659:1984 idle  _OSQTbl
 0659:2137 idle  _OSRdyGrp
 0659:2135 idle  _OSRdyTbl
 0659:2134       _OSRunning
 02D9:0108 idle  _OSSchedLock
 02D9:011E idle  _OSSchedUnlock
 02D9:2A79 idle  _OSSemAccept
 02D9:2AAB idle  _OSSemCreate
 02D9:2B1F idle  _OSSemDel
 02D9:2C3D idle  _OSSemPend
 02D9:2CED idle  _OSSemPost
 02D9:2D47 idle  _OSSemQuery
 02D9:014B       _OSStart
 0276:0008       _OSStartHighRdy
 02D9:01AA       _OSStatInit
 0659:253D idle  _OSStatRdy
 02D9:2DCD idle  _OSTaskChangePrio
 02D9:2F99       _OSTaskCreate
 02D9:3056 idle  _OSTaskCreateExt
 0283:0010       _OSTaskCreateHook
 0659:2133 idle  _OSTaskCtr
 02D9:3146 idle  _OSTaskDel
 0283:0015       _OSTaskDelHook
 02D9:3325 idle  _OSTaskDelReq
 0283:001A       _OSTaskIdleHook
 0659:1D2F idle  _OSTaskIdleStk
 02D9:35A3 idle  _OSTaskQuery
 02D9:3391 idle  _OSTaskResume
 0283:001B       _OSTaskStatHook
 0659:213D idle  _OSTaskStatStk
 02D9:3410 idle  _OSTaskStkChk
 0283:001C       _OSTaskStkInit
 0283:0102 idle  _OSTaskStkInit_FPE_x86
 02D9:34F5 idle  _OSTaskSuspend
 0283:01DD       _OSTaskSwHook
 0659:1D2B       _OSTCBCur
 0659:1D27 idle  _OSTCBFreeList
 0659:1D23       _OSTCBHighRdy
 0283:01DE       _OSTCBInitHook
 0659:1D1F idle  _OSTCBList
 0659:1CEB idle  _OSTCBPrioTbl
 0659:1A20 idle  _OSTCBTbl
 0659:1912       _OSTickDOSCtr
 0276:008E       _OSTickISR
 0659:1980 idle  _OSTime
 02D9:3611       _OSTimeDly
 02D9:3658       _OSTimeDlyHMSM
 02D9:3747 idle  _OSTimeDlyResume
 02D9:37BF       _OSTimeGet
 02D9:37DE       _OSTimeSet
 02D9:01E5       _OSTimeTick
 0283:01E3       _OSTimeTickHook
 0659:00EA idle  _OSUnMapTbl
 02D9:027E idle  _OSVersion
 02D9:0282 idle  _OS_Dummy
 02D9:0283 idle  _OS_EventTaskRdy
 02D9:034D idle  _OS_EventTaskWait
 02D9:03BA idle  _OS_EventTO
 02D9:040E idle  _OS_EventWaitListInit
 02D9:113E idle  _OS_FlagInit
 02D9:11FD idle  _OS_FlagUnlink
 02D9:1A17 idle  _OS_MemInit
 02D9:2A29 idle  _OS_QInit
 02D9:0608 idle  _OS_Sched
 02D9:06B2 idle  _OS_TaskIdle
 02D9:06D7 idle  _OS_TaskStat
 02D9:07A3 idle  _OS_TCBInit
 02A1:0004 idle  _PC_DispChar
 02A1:0042 idle  _PC_DispClrCol
 02A1:0088 idle  _PC_DispClrRow
 02A1:00C1       _PC_DispClrScr
 02A1:00F2 idle  _PC_DispStr
 02A1:0141       _PC_DOSReturn
 02A1:0155       _PC_DOSSaveReturn
 02A1:01C3 idle  _PC_ElapsedInit
 02A1:01D7 idle  _PC_ElapsedStart
 02A1:01FD idle  _PC_ElapsedStop
 02A1:024E idle  _PC_GetDateTime
 02A1:02A1       _PC_GetKey
 02A1:02C8       _PC_SetTickRate
 0659:1914 idle  _PC_TickISR
 02A1:0315 idle  _PC_VectGet
 02A1:034C       _PC_VectSet
 0251:021F idle  _PrintBuffer
 0000:1DD2       _printf
 0659:00E0 idle  _print_y
 0000:169B       _putch
 0000:1596       _puttext
 0659:0522 idle  _RandomSem
 0000:1321 idle  _realloc
 0000:1A0B       _setblock
 0000:1A27       _setjmp
 0000:21B5       _setvbuf
 0000:2312       _sprintf
 0251:0184 idle  _Task
 0659:0526 idle  _TaskData
 0251:004D idle  _TaskStart
 0659:0529 idle  _TaskStartStk
 0659:0929 idle  _TaskStk
 0000:1522 idle  _ungetch
 0000:2334 idle  _vsprintf
 0000:1A9B idle  _wherex
 0000:1AAA idle  _wherey
 0000:1000 idle  __AHINCR
 0000:000C idle  __AHSHIFT
 0659:022A       __atexitcnt
 0659:258A       __atexittbl
 0000:1418       __brk
 0659:008B       __brklvl
 0659:006B idle  __C0argc
 0659:006D idle  __C0argv
 0000:0E72 idle  __c0crtinit
 0659:0071 idle  __C0environ
 0659:0507       __cChar
 0000:033B idle  __cexit
 0659:0506       __cFlag
 0000:016A       __checknull
 0000:0157       __cleanup
 0000:0C5E       __CPUTN
 0000:0E8F idle  __crtinit
 0000:0000  Abs  __cvtfak
 0000:0349 idle  __c_exit
 0659:03F2 idle  __doserrno
 0000:051B idle  __DOSERROR
 0659:03F4 idle  __dosErrorToSV
 0659:0075 idle  __envLng
 0659:0077 idle  __envseg
 0659:0079 idle  __envSize
 0000:0329       __exit
 0659:022C       __exitbuf
 0659:0230 idle  __exitfopen
 0659:0234 idle  __exitopen
 0000:1DED idle  __fputc
 0000:1FB2       __FPUTN
 0659:0087       __heapbase
 0659:008F       __heaptop
 0659:005B idle  __Int0Vector
 0659:005F idle  __Int4Vector
 0659:0063 idle  __Int5Vector
 0659:0067 idle  __Int6Vector
 0000:04E2       __IOERROR
 0000:053E       __LONGTOA
 0000:0293 idle  __MMODEL
 0659:03C8       __nfile
 0000:14FB idle  __Ngetche
 0000:151F idle  __Nungetch
 0659:03CA       __openfd
 0659:007D idle  __osmajor
 0659:007E idle  __osminor
 0659:007D idle  __osversion
 0659:007B       __psp
 0000:16B2       __REALCVT
 0659:050E       __RealCvtVector
 0000:01C0       __restorezero
 0000:1457       __sbrk
 0659:0510 idle  __ScanTodVector
 0000:17EC       __SCREENIO
 0000:189F       __SCROLL
 0000:062A       __setupio
 0659:0081 idle  __StartTime
 0659:044E       __stklen
 0659:0238       __streams
 0000:016B       __terminate
 0000:0000 idle  __turboCrt
 0000:05C0 idle  __UTOA
 0000:1828       __VALIDATEXY
 0659:007D idle  __version
 0659:04BA       __video
 0000:0DE7       __VideoInt
 0000:06FC       __VPRINTER
 0000:0BBF       __VPTR
 0000:0BE4       __VRAM
 0000:1A91       __wherexy
 0000:24A6       __write
 0659:04B8       __wscroll
 0000:24E2       __xfflush
 0659:0085 idle  ___brklvl
 0000:0F70 idle  ___first
 0000:0F72 idle  ___last
 0000:0F74 idle  ___rover
 0000:2355       ___write

  Address         Publics by Value

 0000:0000 idle  __turboCrt
 0000:0000  Abs  __cvtfak
 0000:000C idle  __AHSHIFT
 0000:0157       __cleanup
 0000:016A       __checknull
 0000:016B       __terminate
 0000:01C0       __restorezero
 0000:027A       _abort
 0000:0291 idle  DGROUP@
 0000:0293 idle  __MMODEL
 0000:0295 idle  _atexit
 0000:031A       _exit
 0000:0329       __exit
 0000:033B idle  __cexit
 0000:0349 idle  __c_exit
 0000:0355       F_LXMUL@
 0000:0355 idle  LXMUL@
 0000:036C       _getdate
 0000:037F       _gettime
 0000:0392 idle  N_LDIV@
 0000:0395 idle  LDIV@
 0000:0395 idle  F_LDIV@
 0000:0399 idle  N_LUDIV@
 0000:039C       F_LUDIV@
 0000:039C idle  LUDIV@
 0000:03A1 idle  N_LMOD@
 0000:03A4 idle  F_LMOD@
 0000:03A4 idle  LMOD@
 0000:03A9 idle  N_LUMOD@
 0000:03AC idle  LUMOD@
 0000:03AC idle  F_LUMOD@
 0000:0440       N_LXLSH@
 0000:0443       F_LXLSH@
 0000:0443 idle  LXLSH@
 0000:0461 idle  N_LXURSH@
 0000:0464       F_LXURSH@
 0000:0464 idle  LXURSH@
 0000:0482       N_PADD@
 0000:0485 idle  F_PADD@
 0000:0485 idle  PADD@
 0000:04B1 idle  N_PSUB@
 0000:04B4 idle  F_PSUB@
 0000:04B4 idle  PSUB@
 0000:04E2       __IOERROR
 0000:051B idle  __DOSERROR
 0000:052D       _isatty
 0000:053E       __LONGTOA
 0000:05C0 idle  __UTOA
 0000:05E0       _lseek
 0000:0609       N_PCMP@
 0000:062A       __setupio
 0000:06FC       __VPRINTER
 0000:0BBF       __VPTR
 0000:0BE4       __VRAM
 0000:0C5E       __CPUTN
 0000:0D90 idle  _cprintf
 0000:0DE7       __VideoInt
 0000:0E72 idle  __c0crtinit
 0000:0E8F idle  __crtinit
 0000:0F70 idle  ___first
 0000:0F72 idle  ___last
 0000:0F74 idle  ___rover
 0000:1000 idle  __AHINCR
 0000:10B0       _free
 0000:10B0 idle  _farfree
 0000:11BA       _malloc
 0000:11C4 idle  _farmalloc
 0000:1321 idle  _realloc
 0000:1328 idle  _farrealloc
 0000:1418       __brk
 0000:1457       __sbrk
 0000:14E2       _getch
 0000:14FB idle  __Ngetche
 0000:14FE idle  _getche
 0000:151F idle  __Nungetch
 0000:1522 idle  _ungetch
 0000:1540       _gettext
 0000:1596       _puttext
 0000:15EC       _kbhit
 0000:15FE       _movetext
 0000:169B       _putch
 0000:16B2       __REALCVT
 0000:17EC       __SCREENIO
 0000:1828       __VALIDATEXY
 0000:189F       __SCROLL
 0000:1A0B       _setblock
 0000:1A27       _setjmp
 0000:1A5D       _longjmp
 0000:1A91       __wherexy
 0000:1A9B idle  _wherex
 0000:1AAA idle  _wherey
 0000:1ABD       _fflush
 0000:1B8A       _flushall
 0000:1C4E       _fseek
 0000:1CCE idle  _ftell
 0000:1DAE       _memcpy
 0000:1DD2       _printf
 0000:1DED idle  __fputc
 0000:1E09 idle  _fputc
 0000:1F9E idle  _fputchar
 0000:1FB2       __FPUTN
 0000:21B5       _setvbuf
 0000:2312       _sprintf
 0000:2334 idle  _vsprintf
 0000:2355       ___write
 0000:24A6       __write
 0000:24E2       __xfflush
 0251:000A       _main
 0251:004D idle  _TaskStart
 0251:0184 idle  _Task
 0251:021F idle  _PrintBuffer
 0276:0008       _OSStartHighRdy
 0276:0026       _OSCtxSw
 0276:0061       _OSIntCtxSw
 0276:008E       _OSTickISR
 0283:000E       _OSInitHookBegin
 0283:000F       _OSInitHookEnd
 0283:0010       _OSTaskCreateHook
 0283:0015       _OSTaskDelHook
 0283:001A       _OSTaskIdleHook
 0283:001B       _OSTaskStatHook
 0283:001C       _OSTaskStkInit
 0283:0102 idle  _OSTaskStkInit_FPE_x86
 0283:01DD       _OSTaskSwHook
 0283:01DE       _OSTCBInitHook
 0283:01E3       _OSTimeTickHook
 02A1:0004 idle  _PC_DispChar
 02A1:0042 idle  _PC_DispClrCol
 02A1:0088 idle  _PC_DispClrRow
 02A1:00C1       _PC_DispClrScr
 02A1:00F2 idle  _PC_DispStr
 02A1:0141       _PC_DOSReturn
 02A1:0155       _PC_DOSSaveReturn
 02A1:01C3 idle  _PC_ElapsedInit
 02A1:01D7 idle  _PC_ElapsedStart
 02A1:01FD idle  _PC_ElapsedStop
 02A1:024E idle  _PC_GetDateTime
 02A1:02A1       _PC_GetKey
 02A1:02C8       _PC_SetTickRate
 02A1:0315 idle  _PC_VectGet
 02A1:034C       _PC_VectSet
 02D9:0001       _OSInit
 02D9:0039 idle  _OSIntEnter
 02D9:004C       _OSIntExit
 02D9:0108 idle  _OSSchedLock
 02D9:011E idle  _OSSchedUnlock
 02D9:014B       _OSStart
 02D9:01AA       _OSStatInit
 02D9:01E5       _OSTimeTick
 02D9:027E idle  _OSVersion
 02D9:0282 idle  _OS_Dummy
 02D9:0283 idle  _OS_EventTaskRdy
 02D9:034D idle  _OS_EventTaskWait
 02D9:03BA idle  _OS_EventTO
 02D9:040E idle  _OS_EventWaitListInit
 02D9:0608 idle  _OS_Sched
 02D9:06B2 idle  _OS_TaskIdle
 02D9:06D7 idle  _OS_TaskStat
 02D9:07A3 idle  _OS_TCBInit
 02D9:0936 idle  _OSFlagAccept
 02D9:0A68 idle  _OSFlagCreate
 02D9:0AE0 idle  _OSFlagDel
 02D9:0C22 idle  _OSFlagPend
 02D9:0E7C idle  _OSFlagPost
 02D9:101C idle  _OSFlagQuery
 02D9:113E idle  _OS_FlagInit
 02D9:11FD idle  _OS_FlagUnlink
 02D9:12AC idle  _OSMboxAccept
 02D9:12F7 idle  _OSMboxCreate
 02D9:136C idle  _OSMboxDel
 02D9:148A idle  _OSMboxPend
 02D9:158C idle  _OSMboxPost
 02D9:1604 idle  _OSMboxPostOpt
 02D9:16A7 idle  _OSMboxQuery
 02D9:1735 idle  _OSMemCreate
 02D9:1880 idle  _OSMemGet
 02D9:18FE idle  _OSMemPut
 02D9:196E idle  _OSMemQuery
 02D9:1A17 idle  _OS_MemInit
 02D9:1ABB idle  _OSMutexAccept
 02D9:1B46 idle  _OSMutexCreate
 02D9:1C2C idle  _OSMutexDel
 02D9:1D86 idle  _OSMutexPend
 02D9:1F71 idle  _OSMutexPost
 02D9:20F9 idle  _OSMutexQuery
 02D9:21AE idle  _OSQAccept
 02D9:224E idle  _OSQCreate
 02D9:2371 idle  _OSQDel
 02D9:24EE idle  _OSQFlush
 02D9:2546 idle  _OSQPend
 02D9:268C idle  _OSQPost
 02D9:2754 idle  _OSQPostFront
 02D9:2816 idle  _OSQPostOpt
 02D9:2954 idle  _OSQQuery
 02D9:2A29 idle  _OS_QInit
 02D9:2A79 idle  _OSSemAccept
 02D9:2AAB idle  _OSSemCreate
 02D9:2B1F idle  _OSSemDel
 02D9:2C3D idle  _OSSemPend
 02D9:2CED idle  _OSSemPost
 02D9:2D47 idle  _OSSemQuery
 02D9:2DCD idle  _OSTaskChangePrio
 02D9:2F99       _OSTaskCreate
 02D9:3056 idle  _OSTaskCreateExt
 02D9:3146 idle  _OSTaskDel
 02D9:3325 idle  _OSTaskDelReq
 02D9:3391 idle  _OSTaskResume
 02D9:3410 idle  _OSTaskStkChk
 02D9:34F5 idle  _OSTaskSuspend
 02D9:35A3 idle  _OSTaskQuery
 02D9:3611       _OSTimeDly
 02D9:3658       _OSTimeDlyHMSM
 02D9:3747 idle  _OSTimeDlyResume
 02D9:37BF       _OSTimeGet
 02D9:37DE       _OSTimeSet
 0659:0000 idle  DATASEG@
 0659:005B idle  __Int0Vector
 0659:005F idle  __Int4Vector
 0659:0063 idle  __Int5Vector
 0659:0067 idle  __Int6Vector
 0659:006B idle  __C0argc
 0659:006D idle  __C0argv
 0659:0071 idle  __C0environ
 0659:0075 idle  __envLng
 0659:0077 idle  __envseg
 0659:0079 idle  __envSize
 0659:007B       __psp
 0659:007D idle  __osversion
 0659:007D idle  __osmajor
 0659:007D idle  __version
 0659:007E idle  __osminor
 0659:007F       _errno
 0659:0081 idle  __StartTime
 0659:0085 idle  ___brklvl
 0659:0087       __heapbase
 0659:008B       __brklvl
 0659:008F       __heaptop
 0659:0094       _CxtSwBufIndex
 0659:00E0 idle  _print_y
 0659:00E2 idle  _OSMapTbl
 0659:00EA idle  _OSUnMapTbl
 0659:022A       __atexitcnt
 0659:022C       __exitbuf
 0659:0230 idle  __exitfopen
 0659:0234 idle  __exitopen
 0659:0238       __streams
 0659:03C8       __nfile
 0659:03CA       __openfd
 0659:03F2 idle  __doserrno
 0659:03F4 idle  __dosErrorToSV
 0659:044E       __stklen
 0659:04B8       __wscroll
 0659:04BA       __video
 0659:04C9       _directvideo
 0659:0506       __cFlag
 0659:0507       __cChar
 0659:050E       __RealCvtVector
 0659:0510 idle  __ScanTodVector
 0659:0522 idle  _RandomSem
 0659:0526 idle  _TaskData
 0659:0529 idle  _TaskStartStk
 0659:0929 idle  _TaskStk
 0659:1529       _CxtSwBuf
 0659:1912       _OSTickDOSCtr
 0659:1914 idle  _PC_TickISR
 0659:1930 idle  _numStr
 0659:1980 idle  _OSTime
 0659:1984 idle  _OSQTbl
 0659:19B4 idle  _OSQFreeList
 0659:19B8 idle  _OSMemTbl
 0659:1A1C idle  _OSMemFreeList
 0659:1A20 idle  _OSTCBTbl
 0659:1CEB idle  _OSTCBPrioTbl
 0659:1D1F idle  _OSTCBList
 0659:1D23       _OSTCBHighRdy
 0659:1D27 idle  _OSTCBFreeList
 0659:1D2B       _OSTCBCur
 0659:1D2F idle  _OSTaskIdleStk
 0659:212F idle  _OSIdleCtr
 0659:2133 idle  _OSTaskCtr
 0659:2134       _OSRunning
 0659:2135 idle  _OSRdyTbl
 0659:2137 idle  _OSRdyGrp
 0659:2138       _OSPrioHighRdy
 0659:2139       _OSPrioCur
 0659:213A idle  _OSLockNesting
 0659:213B idle  _OSIntExitY
 0659:213C       _OSIntNesting
 0659:213D idle  _OSTaskStatStk
 0659:253D idle  _OSStatRdy
 0659:253E idle  _OSIdleCtrRun
 0659:2542 idle  _OSIdleCtrMax
 0659:2546 idle  _OSCPUUsage
 0659:2547 idle  _OSFlagFreeList
 0659:254B idle  _OSFlagTbl
 0659:256E idle  _OSEventTbl
 0659:2582 idle  _OSEventFreeList
 0659:2586       _OSCtxSwCtr
 0659:258A       __atexittbl

Program entry point at 0000:0000

