
 Start  Stop   Length Name               Class

 00000H 02519H 0251AH _TEXT              CODE
 0251AH 027A8H 0028FH TEST_TEXT          CODE
 027AAH 0287FH 000D6H OS_CPU_A_TEXT      CODE
 02880H 02A55H 001D6H OS_CPU_C_TEXT      CODE
 02A56H 02DD2H 0037DH PC_TEXT            CODE
 02DD3H 065C4H 037F2H UCOS_II_TEXT       CODE
 065D0H 065D0H 00000H _FARDATA           FAR_DATA
 065D0H 065D0H 00000H _FARBSS            FAR_BSS
 065D0H 065D0H 00000H _OVERLAY_          OVRINFO
 065D0H 065D0H 00000H _1STUB_            STUBSEG
 065D0H 06B01H 00532H _DATA              DATA
 06B02H 06B03H 00002H _CVTSEG            DATA
 06B04H 06B09H 00006H _SCNSEG            DATA
 06B0AH 06B0AH 00000H _CONST             CONST
 06B0AH 06B15H 0000CH _INIT_             INITDATA
 06B16H 06B16H 00000H _INITEND_          INITDATA
 06B16H 06B16H 00000H _EXIT_             EXITDATA
 06B16H 06B16H 00000H _EXITEND_          EXITDATA
 06B16H 08A0BH 01EF6H _BSS               BSS
 08A0CH 08A0CH 00000H _BSSEND            BSSEND
 08A10H 08A8FH 00080H _STACK             STACK


Detailed map of segments

 0000:0000 0295 C=CODE   S=_TEXT          G=(none)  M=c0.ASM     ACBP=28
 0000:0295 002D C=CODE   S=_TEXT          G=(none)  M=ATEXIT     ACBP=28
 0000:02C2 0093 C=CODE   S=_TEXT          G=(none)  M=EXIT       ACBP=28
 0000:0355 0000 C=CODE   S=_TEXT          G=(none)  M=FILES      ACBP=28
 0000:0355 0000 C=CODE   S=_TEXT          G=(none)  M=FILES2     ACBP=28
 0000:0355 0017 C=CODE   S=_TEXT          G=(none)  M=F_LXMUL    ACBP=28
 0000:036C 0026 C=CODE   S=_TEXT          G=(none)  M=GETDATE    ACBP=28
 0000:0392 00AE C=CODE   S=_TEXT          G=(none)  M=H_LDIV     ACBP=28
 0000:0440 0021 C=CODE   S=_TEXT          G=(none)  M=H_LLSH     ACBP=28
 0000:0461 0021 C=CODE   S=_TEXT          G=(none)  M=H_LURSH    ACBP=28
 0000:0482 0060 C=CODE   S=_TEXT          G=(none)  M=H_PADD     ACBP=28
 0000:04E2 004B C=CODE   S=_TEXT          G=(none)  M=IOERROR    ACBP=28
 0000:052D 0011 C=CODE   S=_TEXT          G=(none)  M=ISATTY     ACBP=28
 0000:053E 00A2 C=CODE   S=_TEXT          G=(none)  M=LONGTOA    ACBP=28
 0000:05E0 0029 C=CODE   S=_TEXT          G=(none)  M=LSEEK      ACBP=28
 0000:0609 0021 C=CODE   S=_TEXT          G=(none)  M=N_PCMP     ACBP=28
 0000:062A 00BA C=CODE   S=_TEXT          G=(none)  M=SETUPIO    ACBP=28
 0000:06E4 0000 C=CODE   S=_TEXT          G=(none)  M=STKLEN     ACBP=28
 0000:06E4 04DB C=CODE   S=_TEXT          G=(none)  M=VPRINTER   ACBP=28
 0000:0BBF 009F C=CODE   S=_TEXT          G=(none)  M=VRAM       ACBP=28
 0000:0C5E 0000 C=CODE   S=_TEXT          G=(none)  M=WSCROLL    ACBP=28
 0000:0C5E 014E C=CODE   S=_TEXT          G=(none)  M=CPRINTF    ACBP=28
 0000:0DAC 01A5 C=CODE   S=_TEXT          G=(none)  M=CRTINIT    ACBP=28
 0000:0F51 001F C=CODE   S=_TEXT          G=(none)  M=CVTFAK     ACBP=28
 0000:0F70 0432 C=CODE   S=_TEXT          G=(none)  M=FARHEAP    ACBP=28
 0000:13A2 0140 C=CODE   S=_TEXT          G=(none)  M=FBRK       ACBP=28
 0000:14E2 005E C=CODE   S=_TEXT          G=(none)  M=GETCH      ACBP=28
 0000:1540 00AC C=CODE   S=_TEXT          G=(none)  M=GPTEXT     ACBP=28
 0000:15EC 0012 C=CODE   S=_TEXT          G=(none)  M=KBHIT      ACBP=28
 0000:15FE 009D C=CODE   S=_TEXT          G=(none)  M=MOVETEXT   ACBP=28
 0000:169B 0017 C=CODE   S=_TEXT          G=(none)  M=PUTCH      ACBP=28
 0000:16B2 0004 C=CODE   S=_TEXT          G=(none)  M=REALCVT    ACBP=28
 0000:16B6 01C7 C=CODE   S=_TEXT          G=(none)  M=SCREEN     ACBP=28
 0000:187D 018E C=CODE   S=_TEXT          G=(none)  M=SCROLL     ACBP=28
 0000:1A0B 001C C=CODE   S=_TEXT          G=(none)  M=SETBLOCK   ACBP=28
 0000:1A27 006A C=CODE   S=_TEXT          G=(none)  M=SETJMP     ACBP=28
 0000:1A91 002C C=CODE   S=_TEXT          G=(none)  M=WHEREXY    ACBP=28
 0000:1ABD 00CD C=CODE   S=_TEXT          G=(none)  M=FFLUSH     ACBP=28
 0000:1B8A 0042 C=CODE   S=_TEXT          G=(none)  M=FLUSHALL   ACBP=28
 0000:1BCC 01E2 C=CODE   S=_TEXT          G=(none)  M=FSEEK      ACBP=28
 0000:1DAE 0024 C=CODE   S=_TEXT          G=(none)  M=MEMCPY     ACBP=28
 0000:1DD2 001B C=CODE   S=_TEXT          G=(none)  M=PRINTF     ACBP=28
 0000:1DED 03C8 C=CODE   S=_TEXT          G=(none)  M=PUTC       ACBP=28
 0000:21B5 011D C=CODE   S=_TEXT          G=(none)  M=SETVBUF    ACBP=28
 0000:22D2 0083 C=CODE   S=_TEXT          G=(none)  M=SPRINTF    ACBP=28
 0000:2355 0151 C=CODE   S=_TEXT          G=(none)  M=WRITE      ACBP=28
 0000:24A6 003C C=CODE   S=_TEXT          G=(none)  M=WRITEA     ACBP=28
 0000:24E2 0038 C=CODE   S=_TEXT          G=(none)  M=XFFLUSH    ACBP=28
 0251:000A 028F C=CODE   S=TEST_TEXT      G=(none)  M=test.c     ACBP=28
 027A:000A 00D6 C=CODE   S=OS_CPU_A_TEXT  G=(none)  M=\SOFTWARE\uCOS-II\Ix86L\BC45\OS_CPU_A.ASM ACBP=48
 0288:0000 01D6 C=CODE   S=OS_CPU_C_TEXT  G=(none)  M=os_cpu_c.c ACBP=28
 02A5:0006 037D C=CODE   S=PC_TEXT        G=(none)  M=pc.c       ACBP=28
 02DD:0003 37F2 C=CODE   S=UCOS_II_TEXT   G=(none)  M=ucos_ii.c  ACBP=28
 065D:0000 0000 C=FAR_DATA S=_FARDATA       G=(none)  M=c0.ASM     ACBP=68
 065D:0000 0000 C=FAR_BSS S=_FARBSS        G=(none)  M=c0.ASM     ACBP=68
 065D:0000 0000 C=OVRINFO S=_OVERLAY_      G=(none)  M=c0.ASM     ACBP=68
 065D:0000 0000 C=STUBSEG S=_1STUB_        G=(none)  M=c0.ASM     ACBP=68
 065D:0000 0093 C=DATA   S=_DATA          G=DGROUP  M=c0.ASM     ACBP=68
 065D:0094 0050 C=DATA   S=_DATA          G=DGROUP  M=test.c     ACBP=48
 065D:00E4 0000 C=DATA   S=_DATA          G=DGROUP  M=\SOFTWARE\uCOS-II\Ix86L\BC45\OS_CPU_A.ASM ACBP=48
 065D:00E4 0000 C=DATA   S=_DATA          G=DGROUP  M=os_cpu_c.c ACBP=48
 065D:00E4 001F C=DATA   S=_DATA          G=DGROUP  M=pc.c       ACBP=48
 065D:0104 014A C=DATA   S=_DATA          G=DGROUP  M=ucos_ii.c  ACBP=48
 065D:024E 0002 C=DATA   S=_DATA          G=DGROUP  M=ATEXIT     ACBP=48
 065D:0250 000C C=DATA   S=_DATA          G=DGROUP  M=EXIT       ACBP=48
 065D:025C 0190 C=DATA   S=_DATA          G=DGROUP  M=FILES      ACBP=48
 065D:03EC 002A C=DATA   S=_DATA          G=DGROUP  M=FILES2     ACBP=48
 065D:0416 0000 C=DATA   S=_DATA          G=DGROUP  M=F_LXMUL    ACBP=48
 065D:0416 0000 C=DATA   S=_DATA          G=DGROUP  M=GETDATE    ACBP=48
 065D:0416 0000 C=DATA   S=_DATA          G=DGROUP  M=H_LDIV     ACBP=48
 065D:0416 0000 C=DATA   S=_DATA          G=DGROUP  M=H_LLSH     ACBP=48
 065D:0416 0000 C=DATA   S=_DATA          G=DGROUP  M=H_LURSH    ACBP=48
 065D:0416 0000 C=DATA   S=_DATA          G=DGROUP  M=H_PADD     ACBP=48
 065D:0416 005B C=DATA   S=_DATA          G=DGROUP  M=IOERROR    ACBP=48
 065D:0472 0000 C=DATA   S=_DATA          G=DGROUP  M=ISATTY     ACBP=48
 065D:0472 0000 C=DATA   S=_DATA          G=DGROUP  M=LONGTOA    ACBP=48
 065D:0472 0000 C=DATA   S=_DATA          G=DGROUP  M=LSEEK      ACBP=48
 065D:0472 0000 C=DATA   S=_DATA          G=DGROUP  M=N_PCMP     ACBP=48
 065D:0472 0000 C=DATA   S=_DATA          G=DGROUP  M=SETUPIO    ACBP=48
 065D:0472 0002 C=DATA   S=_DATA          G=DGROUP  M=STKLEN     ACBP=48
 065D:0474 0067 C=DATA   S=_DATA          G=DGROUP  M=VPRINTER   ACBP=48
 065D:04DC 0000 C=DATA   S=_DATA          G=DGROUP  M=VRAM       ACBP=48
 065D:04DC 0002 C=DATA   S=_DATA          G=DGROUP  M=WSCROLL    ACBP=48
 065D:04DE 0000 C=DATA   S=_DATA          G=DGROUP  M=CPRINTF    ACBP=48
 065D:04DE 0018 C=DATA   S=_DATA          G=DGROUP  M=CRTINIT    ACBP=48
 065D:04F6 0031 C=DATA   S=_DATA          G=DGROUP  M=CVTFAK     ACBP=48
 065D:0528 0000 C=DATA   S=_DATA          G=DGROUP  M=FARHEAP    ACBP=48
 065D:0528 0002 C=DATA   S=_DATA          G=DGROUP  M=FBRK       ACBP=48
 065D:052A 0000 C=DATA   S=_DATA          G=DGROUP  M=GETCH      ACBP=48
 065D:052A 0000 C=DATA   S=_DATA          G=DGROUP  M=GPTEXT     ACBP=48
 065D:052A 0002 C=DATA   S=_DATA          G=DGROUP  M=KBHIT      ACBP=48
 065D:052C 0000 C=DATA   S=_DATA          G=DGROUP  M=MOVETEXT   ACBP=48
 065D:052C 0000 C=DATA   S=_DATA          G=DGROUP  M=PUTCH      ACBP=48
 065D:052C 0000 C=DATA   S=_DATA          G=DGROUP  M=REALCVT    ACBP=48
 065D:052C 0000 C=DATA   S=_DATA          G=DGROUP  M=SCREEN     ACBP=48
 065D:052C 0000 C=DATA   S=_DATA          G=DGROUP  M=SCROLL     ACBP=48
 065D:052C 0000 C=DATA   S=_DATA          G=DGROUP  M=SETBLOCK   ACBP=48
 065D:052C 0000 C=DATA   S=_DATA          G=DGROUP  M=SETJMP     ACBP=48
 065D:052C 0000 C=DATA   S=_DATA          G=DGROUP  M=WHEREXY    ACBP=48
 065D:052C 0000 C=DATA   S=_DATA          G=DGROUP  M=FFLUSH     ACBP=48
 065D:052C 0000 C=DATA   S=_DATA          G=DGROUP  M=FLUSHALL   ACBP=48
 065D:052C 0000 C=DATA   S=_DATA          G=DGROUP  M=FSEEK      ACBP=48
 065D:052C 0000 C=DATA   S=_DATA          G=DGROUP  M=MEMCPY     ACBP=48
 065D:052C 0000 C=DATA   S=_DATA          G=DGROUP  M=PRINTF     ACBP=48
 065D:052C 0001 C=DATA   S=_DATA          G=DGROUP  M=PUTC       ACBP=48
 065D:052E 0004 C=DATA   S=_DATA          G=DGROUP  M=SETVBUF    ACBP=48
 065D:0532 0000 C=DATA   S=_DATA          G=DGROUP  M=SPRINTF    ACBP=48
 065D:0532 0000 C=DATA   S=_DATA          G=DGROUP  M=WRITE      ACBP=48
 065D:0532 0000 C=DATA   S=_DATA          G=DGROUP  M=WRITEA     ACBP=48
 065D:0532 0000 C=DATA   S=_DATA          G=DGROUP  M=XFFLUSH    ACBP=48
 065D:0532 0000 C=DATA   S=_CVTSEG        G=DGROUP  M=c0.ASM     ACBP=48
 065D:0532 0002 C=DATA   S=_CVTSEG        G=DGROUP  M=CVTFAK     ACBP=48
 065D:0534 0000 C=DATA   S=_CVTSEG        G=DGROUP  M=REALCVT    ACBP=48
 065D:0534 0000 C=DATA   S=_SCNSEG        G=DGROUP  M=c0.ASM     ACBP=48
 065D:0534 0006 C=DATA   S=_SCNSEG        G=DGROUP  M=CVTFAK     ACBP=48
 065D:053A 0000 C=CONST  S=_CONST         G=DGROUP  M=c0.ASM     ACBP=48
 065D:053A 0000 C=INITDATA S=_INIT_         G=DGROUP  M=c0.ASM     ACBP=48
 065D:053A 0006 C=INITDATA S=_INIT_         G=DGROUP  M=SETUPIO    ACBP=48
 065D:0540 0006 C=INITDATA S=_INIT_         G=DGROUP  M=CRTINIT    ACBP=48
 065D:0546 0000 C=INITDATA S=_INITEND_      G=DGROUP  M=c0.ASM     ACBP=28
 065D:0546 0000 C=EXITDATA S=_EXIT_         G=DGROUP  M=c0.ASM     ACBP=48
 065D:0546 0000 C=EXITDATA S=_EXITEND_      G=DGROUP  M=c0.ASM     ACBP=28
 065D:0546 0000 C=BSS    S=_BSS           G=DGROUP  M=c0.ASM     ACBP=48
 065D:0546 11FB C=BSS    S=_BSS           G=DGROUP  M=test.c     ACBP=48
 065D:1742 0001 C=BSS    S=_BSS           G=DGROUP  M=os_cpu_c.c ACBP=48
 065D:1744 001B C=BSS    S=_BSS           G=DGROUP  M=pc.c       ACBP=48
 065D:1760 0C5A C=BSS    S=_BSS           G=DGROUP  M=ucos_ii.c  ACBP=48
 065D:23BA 0080 C=BSS    S=_BSS           G=DGROUP  M=ATEXIT     ACBP=48
 065D:243A 0000 C=BSS    S=_BSS           G=DGROUP  M=IOERROR    ACBP=48
 065D:243A 0000 C=BSS    S=_BSS           G=DGROUP  M=ISATTY     ACBP=48
 065D:243A 0000 C=BSS    S=_BSS           G=DGROUP  M=LONGTOA    ACBP=48
 065D:243A 0000 C=BSS    S=_BSS           G=DGROUP  M=LSEEK      ACBP=48
 065D:243A 0000 C=BSS    S=_BSS           G=DGROUP  M=SETUPIO    ACBP=48
 065D:243A 0000 C=BSS    S=_BSS           G=DGROUP  M=VPRINTER   ACBP=48
 065D:243A 0000 C=BSS    S=_BSS           G=DGROUP  M=VRAM       ACBP=48
 065D:243A 0000 C=BSS    S=_BSS           G=DGROUP  M=CRTINIT    ACBP=48
 065D:243A 0000 C=BSS    S=_BSS           G=DGROUP  M=GETCH      ACBP=48
 065D:243A 0000 C=BSS    S=_BSS           G=DGROUP  M=KBHIT      ACBP=48
 065D:243A 0000 C=BSS    S=_BSS           G=DGROUP  M=SETBLOCK   ACBP=48
 065D:243A 0000 C=BSS    S=_BSS           G=DGROUP  M=SETJMP     ACBP=48
 065D:243A 0000 C=BSS    S=_BSS           G=DGROUP  M=MEMCPY     ACBP=48
 065D:243A 0001 C=BSS    S=_BSS           G=DGROUP  M=PUTC       ACBP=48
 065D:243C 0000 C=BSS    S=_BSS           G=DGROUP  M=WRITEA     ACBP=48
 065D:243C 0000 C=BSSEND S=_BSSEND        G=DGROUP  M=c0.ASM     ACBP=28
 08A1:0000 0080 C=STACK  S=_STACK         G=(none)  M=c0.ASM     ACBP=74

  Address         Publics by Name

 065D:0000 idle  DATASEG@
 0000:0291 idle  DGROUP@
 0000:0395 idle  F_LDIV@
 0000:03A4 idle  F_LMOD@
 0000:039C       F_LUDIV@
 0000:03AC idle  F_LUMOD@
 0000:0443       F_LXLSH@
 0000:0355       F_LXMUL@
 0000:0464       F_LXURSH@
 0000:0485 idle  F_PADD@
 0000:04B4 idle  F_PSUB@
 0000:0395 idle  LDIV@
 0000:03A4 idle  LMOD@
 0000:039C idle  LUDIV@
 0000:03AC idle  LUMOD@
 0000:0443 idle  LXLSH@
 0000:0355 idle  LXMUL@
 0000:0464 idle  LXURSH@
 0000:0392 idle  N_LDIV@
 0000:03A1 idle  N_LMOD@
 0000:0399 idle  N_LUDIV@
 0000:03A9 idle  N_LUMOD@
 0000:0440       N_LXLSH@
 0000:0461 idle  N_LXURSH@
 0000:0482       N_PADD@
 0000:0609       N_PCMP@
 0000:04B1 idle  N_PSUB@
 0000:0485 idle  PADD@
 0000:04B4 idle  PSUB@
 0000:027A       _abort
 0000:0295 idle  _atexit
 0000:0D90 idle  _cprintf
 065D:154D       _CxtSwBuf
 065D:0094       _CxtSwBufIndex
 065D:04ED       _directvideo
 065D:007F       _errno
 0000:031A       _exit
 0000:10B0 idle  _farfree
 0000:11C4 idle  _farmalloc
 0000:1328 idle  _farrealloc
 0000:1ABD       _fflush
 065D:0096 idle  _flag
 0000:1B8A       _flushall
 0000:1E09 idle  _fputc
 0000:1F9E idle  _fputchar
 0000:10B0       _free
 0000:1C4E       _fseek
 0000:1CCE idle  _ftell
 0000:14E2       _getch
 0000:14FE idle  _getche
 0000:036C       _getdate
 0000:1540       _gettext
 0000:037F       _gettime
 0000:052D       _isatty
 0000:15EC       _kbhit
 0000:1A5D       _longjmp
 0000:05E0       _lseek
 0251:000A       _main
 0000:11BA       _malloc
 0000:1DAE       _memcpy
 0000:15FE       _movetext
 065D:1760 idle  _numStr
 065D:2376 idle  _OSCPUUsage
 027A:0028       _OSCtxSw
 065D:23B6       _OSCtxSwCtr
 065D:23B2 idle  _OSEventFreeList
 065D:239E idle  _OSEventTbl
 02DD:0938 idle  _OSFlagAccept
 02DD:0A6A idle  _OSFlagCreate
 02DD:0AE2 idle  _OSFlagDel
 065D:2377 idle  _OSFlagFreeList
 02DD:0C24 idle  _OSFlagPend
 02DD:0E7E idle  _OSFlagPost
 02DD:101E idle  _OSFlagQuery
 065D:237B idle  _OSFlagTbl
 065D:1F5F idle  _OSIdleCtr
 065D:2372 idle  _OSIdleCtrMax
 065D:236E idle  _OSIdleCtrRun
 02DD:0003       _OSInit
 0288:0000       _OSInitHookBegin
 0288:0001       _OSInitHookEnd
 027A:0063       _OSIntCtxSw
 02DD:003B idle  _OSIntEnter
 02DD:004E       _OSIntExit
 065D:1F6B idle  _OSIntExitY
 065D:1F6C       _OSIntNesting
 065D:1F6A idle  _OSLockNesting
 065D:0106 idle  _OSMapTbl
 02DD:12AE idle  _OSMboxAccept
 02DD:12F9 idle  _OSMboxCreate
 02DD:136E idle  _OSMboxDel
 02DD:148C idle  _OSMboxPend
 02DD:158E idle  _OSMboxPost
 02DD:1606 idle  _OSMboxPostOpt
 02DD:16A9 idle  _OSMboxQuery
 02DD:1737 idle  _OSMemCreate
 065D:184C idle  _OSMemFreeList
 02DD:1882 idle  _OSMemGet
 02DD:1900 idle  _OSMemPut
 02DD:1970 idle  _OSMemQuery
 065D:17E8 idle  _OSMemTbl
 02DD:1ABD idle  _OSMutexAccept
 02DD:1B48 idle  _OSMutexCreate
 02DD:1C2E idle  _OSMutexDel
 02DD:1D88 idle  _OSMutexPend
 02DD:1F73 idle  _OSMutexPost
 02DD:20FB idle  _OSMutexQuery
 065D:1F69       _OSPrioCur
 065D:1F68       _OSPrioHighRdy
 02DD:21B0 idle  _OSQAccept
 02DD:2250 idle  _OSQCreate
 02DD:2373 idle  _OSQDel
 02DD:24F0 idle  _OSQFlush
 065D:17E4 idle  _OSQFreeList
 02DD:2548 idle  _OSQPend
 02DD:268E idle  _OSQPost
 02DD:2756 idle  _OSQPostFront
 02DD:2818 idle  _OSQPostOpt
 02DD:2956 idle  _OSQQuery
 065D:17B4 idle  _OSQTbl
 065D:1F67 idle  _OSRdyGrp
 065D:1F65 idle  _OSRdyTbl
 065D:1F64       _OSRunning
 02DD:010A idle  _OSSchedLock
 02DD:0120 idle  _OSSchedUnlock
 02DD:2A7B idle  _OSSemAccept
 02DD:2AAD idle  _OSSemCreate
 02DD:2B21 idle  _OSSemDel
 02DD:2C3F idle  _OSSemPend
 02DD:2CEF idle  _OSSemPost
 02DD:2D49 idle  _OSSemQuery
 02DD:014D       _OSStart
 027A:000A       _OSStartHighRdy
 02DD:01AC       _OSStatInit
 065D:236D idle  _OSStatRdy
 02DD:2DCF idle  _OSTaskChangePrio
 02DD:2F9B       _OSTaskCreate
 02DD:3058 idle  _OSTaskCreateExt
 0288:0002       _OSTaskCreateHook
 065D:1F63 idle  _OSTaskCtr
 02DD:3148 idle  _OSTaskDel
 0288:0007       _OSTaskDelHook
 02DD:3327 idle  _OSTaskDelReq
 0288:000C       _OSTaskIdleHook
 065D:1B5F idle  _OSTaskIdleStk
 02DD:35A5 idle  _OSTaskQuery
 02DD:3393 idle  _OSTaskResume
 0288:000D       _OSTaskStatHook
 065D:1F6D idle  _OSTaskStatStk
 02DD:3412 idle  _OSTaskStkChk
 0288:000E       _OSTaskStkInit
 0288:00F4 idle  _OSTaskStkInit_FPE_x86
 02DD:34F7 idle  _OSTaskSuspend
 0288:01CF       _OSTaskSwHook
 065D:1B5B       _OSTCBCur
 065D:1B57 idle  _OSTCBFreeList
 065D:1B53       _OSTCBHighRdy
 0288:01D0       _OSTCBInitHook
 065D:1B4F idle  _OSTCBList
 065D:1B1B idle  _OSTCBPrioTbl
 065D:1850 idle  _OSTCBTbl
 065D:1742       _OSTickDOSCtr
 027A:0090       _OSTickISR
 065D:17B0       _OSTime
 02DD:3613       _OSTimeDly
 02DD:365A       _OSTimeDlyHMSM
 02DD:3749 idle  _OSTimeDlyResume
 02DD:37C1       _OSTimeGet
 02DD:37E0       _OSTimeSet
 02DD:01E7       _OSTimeTick
 0288:01D5       _OSTimeTickHook
 065D:010E idle  _OSUnMapTbl
 02DD:0280 idle  _OSVersion
 02DD:0284 idle  _OS_Dummy
 02DD:0285 idle  _OS_EventTaskRdy
 02DD:034F idle  _OS_EventTaskWait
 02DD:03BC idle  _OS_EventTO
 02DD:0410 idle  _OS_EventWaitListInit
 02DD:1140 idle  _OS_FlagInit
 02DD:11FF idle  _OS_FlagUnlink
 02DD:1A19 idle  _OS_MemInit
 02DD:2A2B idle  _OS_QInit
 02DD:060A idle  _OS_Sched
 02DD:06B4 idle  _OS_TaskIdle
 02DD:06D9 idle  _OS_TaskStat
 02DD:07A5 idle  _OS_TCBInit
 02A5:0006 idle  _PC_DispChar
 02A5:0044 idle  _PC_DispClrCol
 02A5:008A idle  _PC_DispClrRow
 02A5:00C3       _PC_DispClrScr
 02A5:00F4 idle  _PC_DispStr
 02A5:0143       _PC_DOSReturn
 02A5:0157       _PC_DOSSaveReturn
 02A5:01C5 idle  _PC_ElapsedInit
 02A5:01D9 idle  _PC_ElapsedStart
 02A5:01FF idle  _PC_ElapsedStop
 02A5:0250 idle  _PC_GetDateTime
 02A5:02A3       _PC_GetKey
 02A5:02CA       _PC_SetTickRate
 065D:1744 idle  _PC_TickISR
 02A5:0317 idle  _PC_VectGet
 02A5:034E       _PC_VectSet
 0251:0260 idle  _PrintBuffer
 0000:1DD2       _printf
 065D:0104 idle  _print_y
 0000:169B       _putch
 0000:1596       _puttext
 065D:0546 idle  _RandomSem
 0000:1321 idle  _realloc
 0000:1A0B       _setblock
 0000:1A27       _setjmp
 0000:21B5       _setvbuf
 0000:2312       _sprintf
 0251:018A idle  _Task
 065D:054A idle  _TaskData
 0251:004D idle  _TaskStart
 065D:054D idle  _TaskStartStk
 065D:094D idle  _TaskStk
 0000:1522 idle  _ungetch
 0000:2334 idle  _vsprintf
 0000:1A9B idle  _wherex
 0000:1AAA idle  _wherey
 0000:1000 idle  __AHINCR
 0000:000C idle  __AHSHIFT
 065D:024E       __atexitcnt
 065D:23BA       __atexittbl
 0000:1418       __brk
 065D:008B       __brklvl
 065D:006B idle  __C0argc
 065D:006D idle  __C0argv
 0000:0E72 idle  __c0crtinit
 065D:0071 idle  __C0environ
 065D:052B       __cChar
 0000:033B idle  __cexit
 065D:052A       __cFlag
 0000:016A       __checknull
 0000:0157       __cleanup
 0000:0C5E       __CPUTN
 0000:0E8F idle  __crtinit
 0000:0000  Abs  __cvtfak
 0000:0349 idle  __c_exit
 065D:0416 idle  __doserrno
 0000:051B idle  __DOSERROR
 065D:0418 idle  __dosErrorToSV
 065D:0075 idle  __envLng
 065D:0077 idle  __envseg
 065D:0079 idle  __envSize
 0000:0329       __exit
 065D:0250       __exitbuf
 065D:0254 idle  __exitfopen
 065D:0258 idle  __exitopen
 0000:1DED idle  __fputc
 0000:1FB2       __FPUTN
 065D:0087       __heapbase
 065D:008F       __heaptop
 065D:005B idle  __Int0Vector
 065D:005F idle  __Int4Vector
 065D:0063 idle  __Int5Vector
 065D:0067 idle  __Int6Vector
 0000:04E2       __IOERROR
 0000:053E       __LONGTOA
 0000:0293 idle  __MMODEL
 065D:03EC       __nfile
 0000:14FB idle  __Ngetche
 0000:151F idle  __Nungetch
 065D:03EE       __openfd
 065D:007D idle  __osmajor
 065D:007E idle  __osminor
 065D:007D idle  __osversion
 065D:007B       __psp
 0000:16B2       __REALCVT
 065D:0532       __RealCvtVector
 0000:01C0       __restorezero
 0000:1457       __sbrk
 065D:0534 idle  __ScanTodVector
 0000:17EC       __SCREENIO
 0000:189F       __SCROLL
 0000:062A       __setupio
 065D:0081 idle  __StartTime
 065D:0472       __stklen
 065D:025C       __streams
 0000:016B       __terminate
 0000:0000 idle  __turboCrt
 0000:05C0 idle  __UTOA
 0000:1828       __VALIDATEXY
 065D:007D idle  __version
 065D:04DE       __video
 0000:0DE7       __VideoInt
 0000:06FC       __VPRINTER
 0000:0BBF       __VPTR
 0000:0BE4       __VRAM
 0000:1A91       __wherexy
 0000:24A6       __write
 065D:04DC       __wscroll
 0000:24E2       __xfflush
 065D:0085 idle  ___brklvl
 0000:0F70 idle  ___first
 0000:0F72 idle  ___last
 0000:0F74 idle  ___rover
 0000:2355       ___write

  Address         Publics by Value

 0000:0000 idle  __turboCrt
 0000:0000  Abs  __cvtfak
 0000:000C idle  __AHSHIFT
 0000:0157       __cleanup
 0000:016A       __checknull
 0000:016B       __terminate
 0000:01C0       __restorezero
 0000:027A       _abort
 0000:0291 idle  DGROUP@
 0000:0293 idle  __MMODEL
 0000:0295 idle  _atexit
 0000:031A       _exit
 0000:0329       __exit
 0000:033B idle  __cexit
 0000:0349 idle  __c_exit
 0000:0355       F_LXMUL@
 0000:0355 idle  LXMUL@
 0000:036C       _getdate
 0000:037F       _gettime
 0000:0392 idle  N_LDIV@
 0000:0395 idle  LDIV@
 0000:0395 idle  F_LDIV@
 0000:0399 idle  N_LUDIV@
 0000:039C       F_LUDIV@
 0000:039C idle  LUDIV@
 0000:03A1 idle  N_LMOD@
 0000:03A4 idle  F_LMOD@
 0000:03A4 idle  LMOD@
 0000:03A9 idle  N_LUMOD@
 0000:03AC idle  LUMOD@
 0000:03AC idle  F_LUMOD@
 0000:0440       N_LXLSH@
 0000:0443       F_LXLSH@
 0000:0443 idle  LXLSH@
 0000:0461 idle  N_LXURSH@
 0000:0464       F_LXURSH@
 0000:0464 idle  LXURSH@
 0000:0482       N_PADD@
 0000:0485 idle  F_PADD@
 0000:0485 idle  PADD@
 0000:04B1 idle  N_PSUB@
 0000:04B4 idle  F_PSUB@
 0000:04B4 idle  PSUB@
 0000:04E2       __IOERROR
 0000:051B idle  __DOSERROR
 0000:052D       _isatty
 0000:053E       __LONGTOA
 0000:05C0 idle  __UTOA
 0000:05E0       _lseek
 0000:0609       N_PCMP@
 0000:062A       __setupio
 0000:06FC       __VPRINTER
 0000:0BBF       __VPTR
 0000:0BE4       __VRAM
 0000:0C5E       __CPUTN
 0000:0D90 idle  _cprintf
 0000:0DE7       __VideoInt
 0000:0E72 idle  __c0crtinit
 0000:0E8F idle  __crtinit
 0000:0F70 idle  ___first
 0000:0F72 idle  ___last
 0000:0F74 idle  ___rover
 0000:1000 idle  __AHINCR
 0000:10B0       _free
 0000:10B0 idle  _farfree
 0000:11BA       _malloc
 0000:11C4 idle  _farmalloc
 0000:1321 idle  _realloc
 0000:1328 idle  _farrealloc
 0000:1418       __brk
 0000:1457       __sbrk
 0000:14E2       _getch
 0000:14FB idle  __Ngetche
 0000:14FE idle  _getche
 0000:151F idle  __Nungetch
 0000:1522 idle  _ungetch
 0000:1540       _gettext
 0000:1596       _puttext
 0000:15EC       _kbhit
 0000:15FE       _movetext
 0000:169B       _putch
 0000:16B2       __REALCVT
 0000:17EC       __SCREENIO
 0000:1828       __VALIDATEXY
 0000:189F       __SCROLL
 0000:1A0B       _setblock
 0000:1A27       _setjmp
 0000:1A5D       _longjmp
 0000:1A91       __wherexy
 0000:1A9B idle  _wherex
 0000:1AAA idle  _wherey
 0000:1ABD       _fflush
 0000:1B8A       _flushall
 0000:1C4E       _fseek
 0000:1CCE idle  _ftell
 0000:1DAE       _memcpy
 0000:1DD2       _printf
 0000:1DED idle  __fputc
 0000:1E09 idle  _fputc
 0000:1F9E idle  _fputchar
 0000:1FB2       __FPUTN
 0000:21B5       _setvbuf
 0000:2312       _sprintf
 0000:2334 idle  _vsprintf
 0000:2355       ___write
 0000:24A6       __write
 0000:24E2       __xfflush
 0251:000A       _main
 0251:004D idle  _TaskStart
 0251:018A idle  _Task
 0251:0260 idle  _PrintBuffer
 027A:000A       _OSStartHighRdy
 027A:0028       _OSCtxSw
 027A:0063       _OSIntCtxSw
 027A:0090       _OSTickISR
 0288:0000       _OSInitHookBegin
 0288:0001       _OSInitHookEnd
 0288:0002       _OSTaskCreateHook
 0288:0007       _OSTaskDelHook
 0288:000C       _OSTaskIdleHook
 0288:000D       _OSTaskStatHook
 0288:000E       _OSTaskStkInit
 0288:00F4 idle  _OSTaskStkInit_FPE_x86
 0288:01CF       _OSTaskSwHook
 0288:01D0       _OSTCBInitHook
 0288:01D5       _OSTimeTickHook
 02A5:0006 idle  _PC_DispChar
 02A5:0044 idle  _PC_DispClrCol
 02A5:008A idle  _PC_DispClrRow
 02A5:00C3       _PC_DispClrScr
 02A5:00F4 idle  _PC_DispStr
 02A5:0143       _PC_DOSReturn
 02A5:0157       _PC_DOSSaveReturn
 02A5:01C5 idle  _PC_ElapsedInit
 02A5:01D9 idle  _PC_ElapsedStart
 02A5:01FF idle  _PC_ElapsedStop
 02A5:0250 idle  _PC_GetDateTime
 02A5:02A3       _PC_GetKey
 02A5:02CA       _PC_SetTickRate
 02A5:0317 idle  _PC_VectGet
 02A5:034E       _PC_VectSet
 02DD:0003       _OSInit
 02DD:003B idle  _OSIntEnter
 02DD:004E       _OSIntExit
 02DD:010A idle  _OSSchedLock
 02DD:0120 idle  _OSSchedUnlock
 02DD:014D       _OSStart
 02DD:01AC       _OSStatInit
 02DD:01E7       _OSTimeTick
 02DD:0280 idle  _OSVersion
 02DD:0284 idle  _OS_Dummy
 02DD:0285 idle  _OS_EventTaskRdy
 02DD:034F idle  _OS_EventTaskWait
 02DD:03BC idle  _OS_EventTO
 02DD:0410 idle  _OS_EventWaitListInit
 02DD:060A idle  _OS_Sched
 02DD:06B4 idle  _OS_TaskIdle
 02DD:06D9 idle  _OS_TaskStat
 02DD:07A5 idle  _OS_TCBInit
 02DD:0938 idle  _OSFlagAccept
 02DD:0A6A idle  _OSFlagCreate
 02DD:0AE2 idle  _OSFlagDel
 02DD:0C24 idle  _OSFlagPend
 02DD:0E7E idle  _OSFlagPost
 02DD:101E idle  _OSFlagQuery
 02DD:1140 idle  _OS_FlagInit
 02DD:11FF idle  _OS_FlagUnlink
 02DD:12AE idle  _OSMboxAccept
 02DD:12F9 idle  _OSMboxCreate
 02DD:136E idle  _OSMboxDel
 02DD:148C idle  _OSMboxPend
 02DD:158E idle  _OSMboxPost
 02DD:1606 idle  _OSMboxPostOpt
 02DD:16A9 idle  _OSMboxQuery
 02DD:1737 idle  _OSMemCreate
 02DD:1882 idle  _OSMemGet
 02DD:1900 idle  _OSMemPut
 02DD:1970 idle  _OSMemQuery
 02DD:1A19 idle  _OS_MemInit
 02DD:1ABD idle  _OSMutexAccept
 02DD:1B48 idle  _OSMutexCreate
 02DD:1C2E idle  _OSMutexDel
 02DD:1D88 idle  _OSMutexPend
 02DD:1F73 idle  _OSMutexPost
 02DD:20FB idle  _OSMutexQuery
 02DD:21B0 idle  _OSQAccept
 02DD:2250 idle  _OSQCreate
 02DD:2373 idle  _OSQDel
 02DD:24F0 idle  _OSQFlush
 02DD:2548 idle  _OSQPend
 02DD:268E idle  _OSQPost
 02DD:2756 idle  _OSQPostFront
 02DD:2818 idle  _OSQPostOpt
 02DD:2956 idle  _OSQQuery
 02DD:2A2B idle  _OS_QInit
 02DD:2A7B idle  _OSSemAccept
 02DD:2AAD idle  _OSSemCreate
 02DD:2B21 idle  _OSSemDel
 02DD:2C3F idle  _OSSemPend
 02DD:2CEF idle  _OSSemPost
 02DD:2D49 idle  _OSSemQuery
 02DD:2DCF idle  _OSTaskChangePrio
 02DD:2F9B       _OSTaskCreate
 02DD:3058 idle  _OSTaskCreateExt
 02DD:3148 idle  _OSTaskDel
 02DD:3327 idle  _OSTaskDelReq
 02DD:3393 idle  _OSTaskResume
 02DD:3412 idle  _OSTaskStkChk
 02DD:34F7 idle  _OSTaskSuspend
 02DD:35A5 idle  _OSTaskQuery
 02DD:3613       _OSTimeDly
 02DD:365A       _OSTimeDlyHMSM
 02DD:3749 idle  _OSTimeDlyResume
 02DD:37C1       _OSTimeGet
 02DD:37E0       _OSTimeSet
 065D:0000 idle  DATASEG@
 065D:005B idle  __Int0Vector
 065D:005F idle  __Int4Vector
 065D:0063 idle  __Int5Vector
 065D:0067 idle  __Int6Vector
 065D:006B idle  __C0argc
 065D:006D idle  __C0argv
 065D:0071 idle  __C0environ
 065D:0075 idle  __envLng
 065D:0077 idle  __envseg
 065D:0079 idle  __envSize
 065D:007B       __psp
 065D:007D idle  __osversion
 065D:007D idle  __osmajor
 065D:007D idle  __version
 065D:007E idle  __osminor
 065D:007F       _errno
 065D:0081 idle  __StartTime
 065D:0085 idle  ___brklvl
 065D:0087       __heapbase
 065D:008B       __brklvl
 065D:008F       __heaptop
 065D:0094       _CxtSwBufIndex
 065D:0096 idle  _flag
 065D:0104 idle  _print_y
 065D:0106 idle  _OSMapTbl
 065D:010E idle  _OSUnMapTbl
 065D:024E       __atexitcnt
 065D:0250       __exitbuf
 065D:0254 idle  __exitfopen
 065D:0258 idle  __exitopen
 065D:025C       __streams
 065D:03EC       __nfile
 065D:03EE       __openfd
 065D:0416 idle  __doserrno
 065D:0418 idle  __dosErrorToSV
 065D:0472       __stklen
 065D:04DC       __wscroll
 065D:04DE       __video
 065D:04ED       _directvideo
 065D:052A       __cFlag
 065D:052B       __cChar
 065D:0532       __RealCvtVector
 065D:0534 idle  __ScanTodVector
 065D:0546 idle  _RandomSem
 065D:054A idle  _TaskData
 065D:054D idle  _TaskStartStk
 065D:094D idle  _TaskStk
 065D:154D       _CxtSwBuf
 065D:1742       _OSTickDOSCtr
 065D:1744 idle  _PC_TickISR
 065D:1760 idle  _numStr
 065D:17B0       _OSTime
 065D:17B4 idle  _OSQTbl
 065D:17E4 idle  _OSQFreeList
 065D:17E8 idle  _OSMemTbl
 065D:184C idle  _OSMemFreeList
 065D:1850 idle  _OSTCBTbl
 065D:1B1B idle  _OSTCBPrioTbl
 065D:1B4F idle  _OSTCBList
 065D:1B53       _OSTCBHighRdy
 065D:1B57 idle  _OSTCBFreeList
 065D:1B5B       _OSTCBCur
 065D:1B5F idle  _OSTaskIdleStk
 065D:1F5F idle  _OSIdleCtr
 065D:1F63 idle  _OSTaskCtr
 065D:1F64       _OSRunning
 065D:1F65 idle  _OSRdyTbl
 065D:1F67 idle  _OSRdyGrp
 065D:1F68       _OSPrioHighRdy
 065D:1F69       _OSPrioCur
 065D:1F6A idle  _OSLockNesting
 065D:1F6B idle  _OSIntExitY
 065D:1F6C       _OSIntNesting
 065D:1F6D idle  _OSTaskStatStk
 065D:236D idle  _OSStatRdy
 065D:236E idle  _OSIdleCtrRun
 065D:2372 idle  _OSIdleCtrMax
 065D:2376 idle  _OSCPUUsage
 065D:2377 idle  _OSFlagFreeList
 065D:237B idle  _OSFlagTbl
 065D:239E idle  _OSEventTbl
 065D:23B2 idle  _OSEventFreeList
 065D:23B6       _OSCtxSwCtr
 065D:23BA       __atexittbl

Program entry point at 0000:0000

