<?xml version="1.0" encoding="ISO-8859-1" ?>
<link_info>
   <banner>MSP430 Linker Unix v20.2.1.LTS</banner>
   <copyright>Copyright (c) 2003-2018 Texas Instruments Incorporated</copyright>
   <link_time>0x664b1e70</link_time>
   <link_errors>0x1</link_errors>
   <output_file>RTOSDemo.out</output_file>
   <entry_point>
      <name>_c_int00_noargs</name>
      <address>0x806a</address>
   </entry_point>
   <input_file_list>
      <input_file id="fl-2">
         <path>./</path>
         <kind>object</kind>
         <file>LEDs.obj</file>
         <name>LEDs.obj</name>
      </input_file>
      <input_file id="fl-3">
         <path>./</path>
         <kind>object</kind>
         <file>main.obj</file>
         <name>main.obj</name>
      </input_file>
      <input_file id="fl-4">
         <path>./</path>
         <kind>object</kind>
         <file>printf-stdarg.obj</file>
         <name>printf-stdarg.obj</name>
      </input_file>
      <input_file id="fl-5">
         <path>./Blinky_Demo/</path>
         <kind>object</kind>
         <file>main_blinky.obj</file>
         <name>main_blinky.obj</name>
      </input_file>
      <input_file id="fl-6">
         <path>./CCS_Only/</path>
         <kind>object</kind>
         <file>RegTest.obj</file>
         <name>RegTest.obj</name>
      </input_file>
      <input_file id="fl-7">
         <path>./FreeRTOS_Source/</path>
         <kind>object</kind>
         <file>croutine.obj</file>
         <name>croutine.obj</name>
      </input_file>
      <input_file id="fl-8">
         <path>./FreeRTOS_Source/</path>
         <kind>object</kind>
         <file>event_groups.obj</file>
         <name>event_groups.obj</name>
      </input_file>
      <input_file id="fl-9">
         <path>./FreeRTOS_Source/</path>
         <kind>object</kind>
         <file>list.obj</file>
         <name>list.obj</name>
      </input_file>
      <input_file id="fl-a">
         <path>./FreeRTOS_Source/</path>
         <kind>object</kind>
         <file>queue.obj</file>
         <name>queue.obj</name>
      </input_file>
      <input_file id="fl-b">
         <path>./FreeRTOS_Source/</path>
         <kind>object</kind>
         <file>stream_buffer.obj</file>
         <name>stream_buffer.obj</name>
      </input_file>
      <input_file id="fl-c">
         <path>./FreeRTOS_Source/</path>
         <kind>object</kind>
         <file>tasks.obj</file>
         <name>tasks.obj</name>
      </input_file>
      <input_file id="fl-d">
         <path>./FreeRTOS_Source/</path>
         <kind>object</kind>
         <file>timers.obj</file>
         <name>timers.obj</name>
      </input_file>
      <input_file id="fl-e">
         <path>./FreeRTOS_Source/portable/CCS/MSP430X/</path>
         <kind>object</kind>
         <file>port.obj</file>
         <name>port.obj</name>
      </input_file>
      <input_file id="fl-f">
         <path>./FreeRTOS_Source/portable/CCS/MSP430X/</path>
         <kind>object</kind>
         <file>portext.obj</file>
         <name>portext.obj</name>
      </input_file>
      <input_file id="fl-10">
         <path>./FreeRTOS_Source/portable/MemMang/</path>
         <kind>object</kind>
         <file>heap_4.obj</file>
         <name>heap_4.obj</name>
      </input_file>
      <input_file id="fl-11">
         <path>./Full_Demo/FreeRTOS+CLI/</path>
         <kind>object</kind>
         <file>FreeRTOS_CLI.obj</file>
         <name>FreeRTOS_CLI.obj</name>
      </input_file>
      <input_file id="fl-12">
         <path>./Full_Demo/</path>
         <kind>object</kind>
         <file>Sample-CLI-commands.obj</file>
         <name>Sample-CLI-commands.obj</name>
      </input_file>
      <input_file id="fl-13">
         <path>./Full_Demo/</path>
         <kind>object</kind>
         <file>UARTCommandConsole.obj</file>
         <name>UARTCommandConsole.obj</name>
      </input_file>
      <input_file id="fl-14">
         <path>./Full_Demo/</path>
         <kind>object</kind>
         <file>main_full.obj</file>
         <name>main_full.obj</name>
      </input_file>
      <input_file id="fl-15">
         <path>./Full_Demo/</path>
         <kind>object</kind>
         <file>serial.obj</file>
         <name>serial.obj</name>
      </input_file>
      <input_file id="fl-16">
         <path>./Full_Demo/Standard_Demo_Tasks/</path>
         <kind>object</kind>
         <file>EventGroupsDemo.obj</file>
         <name>EventGroupsDemo.obj</name>
      </input_file>
      <input_file id="fl-17">
         <path>./Full_Demo/Standard_Demo_Tasks/</path>
         <kind>object</kind>
         <file>GenQTest.obj</file>
         <name>GenQTest.obj</name>
      </input_file>
      <input_file id="fl-18">
         <path>./Full_Demo/Standard_Demo_Tasks/</path>
         <kind>object</kind>
         <file>TaskNotify.obj</file>
         <name>TaskNotify.obj</name>
      </input_file>
      <input_file id="fl-19">
         <path>./Full_Demo/Standard_Demo_Tasks/</path>
         <kind>object</kind>
         <file>blocktim.obj</file>
         <name>blocktim.obj</name>
      </input_file>
      <input_file id="fl-1a">
         <path>./Full_Demo/Standard_Demo_Tasks/</path>
         <kind>object</kind>
         <file>countsem.obj</file>
         <name>countsem.obj</name>
      </input_file>
      <input_file id="fl-1b">
         <path>./Full_Demo/Standard_Demo_Tasks/</path>
         <kind>object</kind>
         <file>dynamic.obj</file>
         <name>dynamic.obj</name>
      </input_file>
      <input_file id="fl-1c">
         <path>./Full_Demo/Standard_Demo_Tasks/</path>
         <kind>object</kind>
         <file>recmutex.obj</file>
         <name>recmutex.obj</name>
      </input_file>
      <input_file id="fl-1d">
         <path>./driverlib/MSP430FR5xx_6xx/</path>
         <kind>object</kind>
         <file>adc12_b.obj</file>
         <name>adc12_b.obj</name>
      </input_file>
      <input_file id="fl-1e">
         <path>./driverlib/MSP430FR5xx_6xx/</path>
         <kind>object</kind>
         <file>aes256.obj</file>
         <name>aes256.obj</name>
      </input_file>
      <input_file id="fl-1f">
         <path>./driverlib/MSP430FR5xx_6xx/</path>
         <kind>object</kind>
         <file>comp_e.obj</file>
         <name>comp_e.obj</name>
      </input_file>
      <input_file id="fl-20">
         <path>./driverlib/MSP430FR5xx_6xx/</path>
         <kind>object</kind>
         <file>crc.obj</file>
         <name>crc.obj</name>
      </input_file>
      <input_file id="fl-21">
         <path>./driverlib/MSP430FR5xx_6xx/</path>
         <kind>object</kind>
         <file>crc32.obj</file>
         <name>crc32.obj</name>
      </input_file>
      <input_file id="fl-22">
         <path>./driverlib/MSP430FR5xx_6xx/</path>
         <kind>object</kind>
         <file>cs.obj</file>
         <name>cs.obj</name>
      </input_file>
      <input_file id="fl-23">
         <path>./driverlib/MSP430FR5xx_6xx/</path>
         <kind>object</kind>
         <file>dma.obj</file>
         <name>dma.obj</name>
      </input_file>
      <input_file id="fl-24">
         <path>./driverlib/MSP430FR5xx_6xx/</path>
         <kind>object</kind>
         <file>esi.obj</file>
         <name>esi.obj</name>
      </input_file>
      <input_file id="fl-25">
         <path>./driverlib/MSP430FR5xx_6xx/</path>
         <kind>object</kind>
         <file>eusci_a_spi.obj</file>
         <name>eusci_a_spi.obj</name>
      </input_file>
      <input_file id="fl-26">
         <path>./driverlib/MSP430FR5xx_6xx/</path>
         <kind>object</kind>
         <file>eusci_a_uart.obj</file>
         <name>eusci_a_uart.obj</name>
      </input_file>
      <input_file id="fl-27">
         <path>./driverlib/MSP430FR5xx_6xx/</path>
         <kind>object</kind>
         <file>eusci_b_i2c.obj</file>
         <name>eusci_b_i2c.obj</name>
      </input_file>
      <input_file id="fl-28">
         <path>./driverlib/MSP430FR5xx_6xx/</path>
         <kind>object</kind>
         <file>eusci_b_spi.obj</file>
         <name>eusci_b_spi.obj</name>
      </input_file>
      <input_file id="fl-29">
         <path>./driverlib/MSP430FR5xx_6xx/</path>
         <kind>object</kind>
         <file>framctl.obj</file>
         <name>framctl.obj</name>
      </input_file>
      <input_file id="fl-2a">
         <path>./driverlib/MSP430FR5xx_6xx/</path>
         <kind>object</kind>
         <file>gpio.obj</file>
         <name>gpio.obj</name>
      </input_file>
      <input_file id="fl-2b">
         <path>./driverlib/MSP430FR5xx_6xx/</path>
         <kind>object</kind>
         <file>lcd_c.obj</file>
         <name>lcd_c.obj</name>
      </input_file>
      <input_file id="fl-2c">
         <path>./driverlib/MSP430FR5xx_6xx/</path>
         <kind>object</kind>
         <file>mpu.obj</file>
         <name>mpu.obj</name>
      </input_file>
      <input_file id="fl-2d">
         <path>./driverlib/MSP430FR5xx_6xx/</path>
         <kind>object</kind>
         <file>mpy32.obj</file>
         <name>mpy32.obj</name>
      </input_file>
      <input_file id="fl-2e">
         <path>./driverlib/MSP430FR5xx_6xx/</path>
         <kind>object</kind>
         <file>pmm.obj</file>
         <name>pmm.obj</name>
      </input_file>
      <input_file id="fl-2f">
         <path>./driverlib/MSP430FR5xx_6xx/</path>
         <kind>object</kind>
         <file>ram.obj</file>
         <name>ram.obj</name>
      </input_file>
      <input_file id="fl-30">
         <path>./driverlib/MSP430FR5xx_6xx/</path>
         <kind>object</kind>
         <file>ref_a.obj</file>
         <name>ref_a.obj</name>
      </input_file>
      <input_file id="fl-31">
         <path>./driverlib/MSP430FR5xx_6xx/</path>
         <kind>object</kind>
         <file>rtc_b.obj</file>
         <name>rtc_b.obj</name>
      </input_file>
      <input_file id="fl-32">
         <path>./driverlib/MSP430FR5xx_6xx/</path>
         <kind>object</kind>
         <file>rtc_c.obj</file>
         <name>rtc_c.obj</name>
      </input_file>
      <input_file id="fl-33">
         <path>./driverlib/MSP430FR5xx_6xx/</path>
         <kind>object</kind>
         <file>sfr.obj</file>
         <name>sfr.obj</name>
      </input_file>
      <input_file id="fl-34">
         <path>./driverlib/MSP430FR5xx_6xx/</path>
         <kind>object</kind>
         <file>sysctl.obj</file>
         <name>sysctl.obj</name>
      </input_file>
      <input_file id="fl-35">
         <path>./driverlib/MSP430FR5xx_6xx/</path>
         <kind>object</kind>
         <file>timer_a.obj</file>
         <name>timer_a.obj</name>
      </input_file>
      <input_file id="fl-36">
         <path>./driverlib/MSP430FR5xx_6xx/</path>
         <kind>object</kind>
         <file>timer_b.obj</file>
         <name>timer_b.obj</name>
      </input_file>
      <input_file id="fl-37">
         <path>./driverlib/MSP430FR5xx_6xx/</path>
         <kind>object</kind>
         <file>tlv.obj</file>
         <name>tlv.obj</name>
      </input_file>
      <input_file id="fl-38">
         <path>./driverlib/MSP430FR5xx_6xx/</path>
         <kind>object</kind>
         <file>wdt_a.obj</file>
         <name>wdt_a.obj</name>
      </input_file>
      <input_file id="fl-3e">
         <kind>object</kind>
         <file>&lt;internal&gt;</file>
         <name>&lt;internal&gt;</name>
      </input_file>
      <input_file id="fl-59">
         <path>/home/rtos/ti/ccs1010/ccs/tools/compiler/ti-cgt-msp430_20.2.1.LTS/lib/</path>
         <kind>archive</kind>
         <file>rts430x_lc_ld_eabi.lib</file>
         <name>copy_decompress_lzss.c.obj</name>
      </input_file>
      <input_file id="fl-5a">
         <path>/home/rtos/ti/ccs1010/ccs/tools/compiler/ti-cgt-msp430_20.2.1.LTS/lib/</path>
         <kind>archive</kind>
         <file>rts430x_lc_ld_eabi.lib</file>
         <name>copy_decompress_none.c.obj</name>
      </input_file>
      <input_file id="fl-5b">
         <path>/home/rtos/ti/ccs1010/ccs/tools/compiler/ti-cgt-msp430_20.2.1.LTS/lib/</path>
         <kind>archive</kind>
         <file>rts430x_lc_ld_eabi.lib</file>
         <name>int18.asm.obj</name>
      </input_file>
      <input_file id="fl-5c">
         <path>/home/rtos/ti/ccs1010/ccs/tools/compiler/ti-cgt-msp430_20.2.1.LTS/lib/</path>
         <kind>archive</kind>
         <file>rts430x_lc_ld_eabi.lib</file>
         <name>isr_trap.asm.obj</name>
      </input_file>
      <input_file id="fl-5d">
         <path>/home/rtos/ti/ccs1010/ccs/tools/compiler/ti-cgt-msp430_20.2.1.LTS/lib/</path>
         <kind>archive</kind>
         <file>rts430x_lc_ld_eabi.lib</file>
         <name>int19.asm.obj</name>
      </input_file>
      <input_file id="fl-5e">
         <path>/home/rtos/ti/ccs1010/ccs/tools/compiler/ti-cgt-msp430_20.2.1.LTS/lib/</path>
         <kind>archive</kind>
         <file>rts430x_lc_ld_eabi.lib</file>
         <name>int20.asm.obj</name>
      </input_file>
      <input_file id="fl-5f">
         <path>/home/rtos/ti/ccs1010/ccs/tools/compiler/ti-cgt-msp430_20.2.1.LTS/lib/</path>
         <kind>archive</kind>
         <file>rts430x_lc_ld_eabi.lib</file>
         <name>int21.asm.obj</name>
      </input_file>
      <input_file id="fl-60">
         <path>/home/rtos/ti/ccs1010/ccs/tools/compiler/ti-cgt-msp430_20.2.1.LTS/lib/</path>
         <kind>archive</kind>
         <file>rts430x_lc_ld_eabi.lib</file>
         <name>int22.asm.obj</name>
      </input_file>
      <input_file id="fl-61">
         <path>/home/rtos/ti/ccs1010/ccs/tools/compiler/ti-cgt-msp430_20.2.1.LTS/lib/</path>
         <kind>archive</kind>
         <file>rts430x_lc_ld_eabi.lib</file>
         <name>int23.asm.obj</name>
      </input_file>
      <input_file id="fl-62">
         <path>/home/rtos/ti/ccs1010/ccs/tools/compiler/ti-cgt-msp430_20.2.1.LTS/lib/</path>
         <kind>archive</kind>
         <file>rts430x_lc_ld_eabi.lib</file>
         <name>int24.asm.obj</name>
      </input_file>
      <input_file id="fl-63">
         <path>/home/rtos/ti/ccs1010/ccs/tools/compiler/ti-cgt-msp430_20.2.1.LTS/lib/</path>
         <kind>archive</kind>
         <file>rts430x_lc_ld_eabi.lib</file>
         <name>int25.asm.obj</name>
      </input_file>
      <input_file id="fl-64">
         <path>/home/rtos/ti/ccs1010/ccs/tools/compiler/ti-cgt-msp430_20.2.1.LTS/lib/</path>
         <kind>archive</kind>
         <file>rts430x_lc_ld_eabi.lib</file>
         <name>int26.asm.obj</name>
      </input_file>
      <input_file id="fl-65">
         <path>/home/rtos/ti/ccs1010/ccs/tools/compiler/ti-cgt-msp430_20.2.1.LTS/lib/</path>
         <kind>archive</kind>
         <file>rts430x_lc_ld_eabi.lib</file>
         <name>int27.asm.obj</name>
      </input_file>
      <input_file id="fl-66">
         <path>/home/rtos/ti/ccs1010/ccs/tools/compiler/ti-cgt-msp430_20.2.1.LTS/lib/</path>
         <kind>archive</kind>
         <file>rts430x_lc_ld_eabi.lib</file>
         <name>int28.asm.obj</name>
      </input_file>
      <input_file id="fl-67">
         <path>/home/rtos/ti/ccs1010/ccs/tools/compiler/ti-cgt-msp430_20.2.1.LTS/lib/</path>
         <kind>archive</kind>
         <file>rts430x_lc_ld_eabi.lib</file>
         <name>int29.asm.obj</name>
      </input_file>
      <input_file id="fl-68">
         <path>/home/rtos/ti/ccs1010/ccs/tools/compiler/ti-cgt-msp430_20.2.1.LTS/lib/</path>
         <kind>archive</kind>
         <file>rts430x_lc_ld_eabi.lib</file>
         <name>int30.asm.obj</name>
      </input_file>
      <input_file id="fl-69">
         <path>/home/rtos/ti/ccs1010/ccs/tools/compiler/ti-cgt-msp430_20.2.1.LTS/lib/</path>
         <kind>archive</kind>
         <file>rts430x_lc_ld_eabi.lib</file>
         <name>int31.asm.obj</name>
      </input_file>
      <input_file id="fl-6a">
         <path>/home/rtos/ti/ccs1010/ccs/tools/compiler/ti-cgt-msp430_20.2.1.LTS/lib/</path>
         <kind>archive</kind>
         <file>rts430x_lc_ld_eabi.lib</file>
         <name>int32.asm.obj</name>
      </input_file>
      <input_file id="fl-6b">
         <path>/home/rtos/ti/ccs1010/ccs/tools/compiler/ti-cgt-msp430_20.2.1.LTS/lib/</path>
         <kind>archive</kind>
         <file>rts430x_lc_ld_eabi.lib</file>
         <name>int33.asm.obj</name>
      </input_file>
      <input_file id="fl-6c">
         <path>/home/rtos/ti/ccs1010/ccs/tools/compiler/ti-cgt-msp430_20.2.1.LTS/lib/</path>
         <kind>archive</kind>
         <file>rts430x_lc_ld_eabi.lib</file>
         <name>int34.asm.obj</name>
      </input_file>
      <input_file id="fl-6d">
         <path>/home/rtos/ti/ccs1010/ccs/tools/compiler/ti-cgt-msp430_20.2.1.LTS/lib/</path>
         <kind>archive</kind>
         <file>rts430x_lc_ld_eabi.lib</file>
         <name>int35.asm.obj</name>
      </input_file>
      <input_file id="fl-6e">
         <path>/home/rtos/ti/ccs1010/ccs/tools/compiler/ti-cgt-msp430_20.2.1.LTS/lib/</path>
         <kind>archive</kind>
         <file>rts430x_lc_ld_eabi.lib</file>
         <name>int36.asm.obj</name>
      </input_file>
      <input_file id="fl-6f">
         <path>/home/rtos/ti/ccs1010/ccs/tools/compiler/ti-cgt-msp430_20.2.1.LTS/lib/</path>
         <kind>archive</kind>
         <file>rts430x_lc_ld_eabi.lib</file>
         <name>int37.asm.obj</name>
      </input_file>
      <input_file id="fl-70">
         <path>/home/rtos/ti/ccs1010/ccs/tools/compiler/ti-cgt-msp430_20.2.1.LTS/lib/</path>
         <kind>archive</kind>
         <file>rts430x_lc_ld_eabi.lib</file>
         <name>int38.asm.obj</name>
      </input_file>
      <input_file id="fl-71">
         <path>/home/rtos/ti/ccs1010/ccs/tools/compiler/ti-cgt-msp430_20.2.1.LTS/lib/</path>
         <kind>archive</kind>
         <file>rts430x_lc_ld_eabi.lib</file>
         <name>int39.asm.obj</name>
      </input_file>
      <input_file id="fl-72">
         <path>/home/rtos/ti/ccs1010/ccs/tools/compiler/ti-cgt-msp430_20.2.1.LTS/lib/</path>
         <kind>archive</kind>
         <file>rts430x_lc_ld_eabi.lib</file>
         <name>int41.asm.obj</name>
      </input_file>
      <input_file id="fl-73">
         <path>/home/rtos/ti/ccs1010/ccs/tools/compiler/ti-cgt-msp430_20.2.1.LTS/lib/</path>
         <kind>archive</kind>
         <file>rts430x_lc_ld_eabi.lib</file>
         <name>int42.asm.obj</name>
      </input_file>
      <input_file id="fl-74">
         <path>/home/rtos/ti/ccs1010/ccs/tools/compiler/ti-cgt-msp430_20.2.1.LTS/lib/</path>
         <kind>archive</kind>
         <file>rts430x_lc_ld_eabi.lib</file>
         <name>int43.asm.obj</name>
      </input_file>
      <input_file id="fl-75">
         <path>/home/rtos/ti/ccs1010/ccs/tools/compiler/ti-cgt-msp430_20.2.1.LTS/lib/</path>
         <kind>archive</kind>
         <file>rts430x_lc_ld_eabi.lib</file>
         <name>int44.asm.obj</name>
      </input_file>
      <input_file id="fl-76">
         <path>/home/rtos/ti/ccs1010/ccs/tools/compiler/ti-cgt-msp430_20.2.1.LTS/lib/</path>
         <kind>archive</kind>
         <file>rts430x_lc_ld_eabi.lib</file>
         <name>int46.asm.obj</name>
      </input_file>
      <input_file id="fl-77">
         <path>/home/rtos/ti/ccs1010/ccs/tools/compiler/ti-cgt-msp430_20.2.1.LTS/lib/</path>
         <kind>archive</kind>
         <file>rts430x_lc_ld_eabi.lib</file>
         <name>int47.asm.obj</name>
      </input_file>
      <input_file id="fl-78">
         <path>/home/rtos/ti/ccs1010/ccs/tools/compiler/ti-cgt-msp430_20.2.1.LTS/lib/</path>
         <kind>archive</kind>
         <file>rts430x_lc_ld_eabi.lib</file>
         <name>int49.asm.obj</name>
      </input_file>
      <input_file id="fl-79">
         <path>/home/rtos/ti/ccs1010/ccs/tools/compiler/ti-cgt-msp430_20.2.1.LTS/lib/</path>
         <kind>archive</kind>
         <file>rts430x_lc_ld_eabi.lib</file>
         <name>int50.asm.obj</name>
      </input_file>
      <input_file id="fl-7a">
         <path>/home/rtos/ti/ccs1010/ccs/tools/compiler/ti-cgt-msp430_20.2.1.LTS/lib/</path>
         <kind>archive</kind>
         <file>rts430x_lc_ld_eabi.lib</file>
         <name>int51.asm.obj</name>
      </input_file>
      <input_file id="fl-7b">
         <path>/home/rtos/ti/ccs1010/ccs/tools/compiler/ti-cgt-msp430_20.2.1.LTS/lib/</path>
         <kind>archive</kind>
         <file>rts430x_lc_ld_eabi.lib</file>
         <name>int52.asm.obj</name>
      </input_file>
      <input_file id="fl-7c">
         <path>/home/rtos/ti/ccs1010/ccs/tools/compiler/ti-cgt-msp430_20.2.1.LTS/lib/</path>
         <kind>archive</kind>
         <file>rts430x_lc_ld_eabi.lib</file>
         <name>int53.asm.obj</name>
      </input_file>
      <input_file id="fl-7d">
         <path>/home/rtos/ti/ccs1010/ccs/tools/compiler/ti-cgt-msp430_20.2.1.LTS/lib/</path>
         <kind>archive</kind>
         <file>rts430x_lc_ld_eabi.lib</file>
         <name>int54.asm.obj</name>
      </input_file>
      <input_file id="fl-7e">
         <path>/home/rtos/ti/ccs1010/ccs/tools/compiler/ti-cgt-msp430_20.2.1.LTS/lib/</path>
         <kind>archive</kind>
         <file>rts430x_lc_ld_eabi.lib</file>
         <name>copy_zero_init.c.obj</name>
      </input_file>
      <input_file id="fl-7f">
         <path>/home/rtos/ti/ccs1010/ccs/tools/compiler/ti-cgt-msp430_20.2.1.LTS/lib/</path>
         <kind>archive</kind>
         <file>rts430x_lc_ld_eabi.lib</file>
         <name>div16s.asm.obj</name>
      </input_file>
      <input_file id="fl-80">
         <path>/home/rtos/ti/ccs1010/ccs/tools/compiler/ti-cgt-msp430_20.2.1.LTS/lib/</path>
         <kind>archive</kind>
         <file>rts430x_lc_ld_eabi.lib</file>
         <name>div32s.asm.obj</name>
      </input_file>
      <input_file id="fl-81">
         <path>/home/rtos/ti/ccs1010/ccs/tools/compiler/ti-cgt-msp430_20.2.1.LTS/lib/</path>
         <kind>archive</kind>
         <file>rts430x_lc_ld_eabi.lib</file>
         <name>div16u.asm.obj</name>
      </input_file>
      <input_file id="fl-82">
         <path>/home/rtos/ti/ccs1010/ccs/tools/compiler/ti-cgt-msp430_20.2.1.LTS/lib/</path>
         <kind>archive</kind>
         <file>rts430x_lc_ld_eabi.lib</file>
         <name>div32u.asm.obj</name>
      </input_file>
      <input_file id="fl-83">
         <path>/home/rtos/ti/ccs1010/ccs/tools/compiler/ti-cgt-msp430_20.2.1.LTS/lib/</path>
         <kind>archive</kind>
         <file>rts430x_lc_ld_eabi.lib</file>
         <name>mult16.asm.obj</name>
      </input_file>
      <input_file id="fl-84">
         <path>/home/rtos/ti/ccs1010/ccs/tools/compiler/ti-cgt-msp430_20.2.1.LTS/lib/</path>
         <kind>archive</kind>
         <file>rts430x_lc_ld_eabi.lib</file>
         <name>mult16_f5hw.asm.obj</name>
      </input_file>
      <input_file id="fl-85">
         <path>/home/rtos/ti/ccs1010/ccs/tools/compiler/ti-cgt-msp430_20.2.1.LTS/lib/</path>
         <kind>archive</kind>
         <file>rts430x_lc_ld_eabi.lib</file>
         <name>mult32.asm.obj</name>
      </input_file>
      <input_file id="fl-86">
         <path>/home/rtos/ti/ccs1010/ccs/tools/compiler/ti-cgt-msp430_20.2.1.LTS/lib/</path>
         <kind>archive</kind>
         <file>rts430x_lc_ld_eabi.lib</file>
         <name>mult32_f5hw.asm.obj</name>
      </input_file>
      <input_file id="fl-87">
         <path>/home/rtos/ti/ccs1010/ccs/tools/compiler/ti-cgt-msp430_20.2.1.LTS/lib/</path>
         <kind>archive</kind>
         <file>rts430x_lc_ld_eabi.lib</file>
         <name>mult64_f5hw.asm.obj</name>
      </input_file>
      <input_file id="fl-88">
         <path>/home/rtos/ti/ccs1010/ccs/tools/compiler/ti-cgt-msp430_20.2.1.LTS/lib/</path>
         <kind>archive</kind>
         <file>rts430x_lc_ld_eabi.lib</file>
         <name>mult1632_f5hw.asm.obj</name>
      </input_file>
      <input_file id="fl-89">
         <path>/home/rtos/ti/ccs1010/ccs/tools/compiler/ti-cgt-msp430_20.2.1.LTS/lib/</path>
         <kind>archive</kind>
         <file>rts430x_lc_ld_eabi.lib</file>
         <name>mult3264_f5hw.asm.obj</name>
      </input_file>
      <input_file id="fl-8a">
         <path>/home/rtos/ti/ccs1010/ccs/tools/compiler/ti-cgt-msp430_20.2.1.LTS/lib/</path>
         <kind>archive</kind>
         <file>rts430x_lc_ld_eabi.lib</file>
         <name>lsl16.asm.obj</name>
      </input_file>
      <input_file id="fl-8b">
         <path>/home/rtos/ti/ccs1010/ccs/tools/compiler/ti-cgt-msp430_20.2.1.LTS/lib/</path>
         <kind>archive</kind>
         <file>rts430x_lc_ld_eabi.lib</file>
         <name>asr16.asm.obj</name>
      </input_file>
      <input_file id="fl-8c">
         <path>/home/rtos/ti/ccs1010/ccs/tools/compiler/ti-cgt-msp430_20.2.1.LTS/lib/</path>
         <kind>archive</kind>
         <file>rts430x_lc_ld_eabi.lib</file>
         <name>lsr32.asm.obj</name>
      </input_file>
      <input_file id="fl-8d">
         <path>/home/rtos/ti/ccs1010/ccs/tools/compiler/ti-cgt-msp430_20.2.1.LTS/lib/</path>
         <kind>archive</kind>
         <file>rts430x_lc_ld_eabi.lib</file>
         <name>boot.c.obj</name>
      </input_file>
      <input_file id="fl-8e">
         <path>/home/rtos/ti/ccs1010/ccs/tools/compiler/ti-cgt-msp430_20.2.1.LTS/lib/</path>
         <kind>archive</kind>
         <file>rts430x_lc_ld_eabi.lib</file>
         <name>mpu_init.c.obj</name>
      </input_file>
      <input_file id="fl-8f">
         <path>/home/rtos/ti/ccs1010/ccs/tools/compiler/ti-cgt-msp430_20.2.1.LTS/lib/</path>
         <kind>archive</kind>
         <file>rts430x_lc_ld_eabi.lib</file>
         <name>args_main.c.obj</name>
      </input_file>
      <input_file id="fl-90">
         <path>/home/rtos/ti/ccs1010/ccs/tools/compiler/ti-cgt-msp430_20.2.1.LTS/lib/</path>
         <kind>archive</kind>
         <file>rts430x_lc_ld_eabi.lib</file>
         <name>autoinit.c.obj</name>
      </input_file>
      <input_file id="fl-91">
         <path>/home/rtos/ti/ccs1010/ccs/tools/compiler/ti-cgt-msp430_20.2.1.LTS/lib/</path>
         <kind>archive</kind>
         <file>rts430x_lc_ld_eabi.lib</file>
         <name>asr32.asm.obj</name>
      </input_file>
      <input_file id="fl-92">
         <path>/home/rtos/ti/ccs1010/ccs/tools/compiler/ti-cgt-msp430_20.2.1.LTS/lib/</path>
         <kind>archive</kind>
         <file>rts430x_lc_ld_eabi.lib</file>
         <name>startup.c.obj</name>
      </input_file>
      <input_file id="fl-93">
         <path>/home/rtos/ti/ccs1010/ccs/tools/compiler/ti-cgt-msp430_20.2.1.LTS/lib/</path>
         <kind>archive</kind>
         <file>rts430x_lc_ld_eabi.lib</file>
         <name>cpy_tbl.c.obj</name>
      </input_file>
      <input_file id="fl-94">
         <path>/home/rtos/ti/ccs1010/ccs/tools/compiler/ti-cgt-msp430_20.2.1.LTS/lib/</path>
         <kind>archive</kind>
         <file>rts430x_lc_ld_eabi.lib</file>
         <name>exit.c.obj</name>
      </input_file>
      <input_file id="fl-95">
         <path>/home/rtos/ti/ccs1010/ccs/tools/compiler/ti-cgt-msp430_20.2.1.LTS/lib/</path>
         <kind>archive</kind>
         <file>rts430x_lc_ld_eabi.lib</file>
         <name>exit_gvars.c.obj</name>
      </input_file>
      <input_file id="fl-96">
         <path>/home/rtos/ti/ccs1010/ccs/tools/compiler/ti-cgt-msp430_20.2.1.LTS/lib/</path>
         <kind>archive</kind>
         <file>rts430x_lc_ld_eabi.lib</file>
         <name>_lock.c.obj</name>
      </input_file>
      <input_file id="fl-97">
         <path>/home/rtos/ti/ccs1010/ccs/tools/compiler/ti-cgt-msp430_20.2.1.LTS/lib/</path>
         <kind>archive</kind>
         <file>rts430x_lc_ld_eabi.lib</file>
         <name>memcpy.c.obj</name>
      </input_file>
      <input_file id="fl-98">
         <path>/home/rtos/ti/ccs1010/ccs/tools/compiler/ti-cgt-msp430_20.2.1.LTS/lib/</path>
         <kind>archive</kind>
         <file>rts430x_lc_ld_eabi.lib</file>
         <name>memset.c.obj</name>
      </input_file>
      <input_file id="fl-99">
         <path>/home/rtos/ti/ccs1010/ccs/tools/compiler/ti-cgt-msp430_20.2.1.LTS/lib/</path>
         <kind>archive</kind>
         <file>rts430x_lc_ld_eabi.lib</file>
         <name>fputc.c.obj</name>
      </input_file>
      <input_file id="fl-9a">
         <path>/home/rtos/ti/ccs1010/ccs/tools/compiler/ti-cgt-msp430_20.2.1.LTS/lib/</path>
         <kind>archive</kind>
         <file>rts430x_lc_ld_eabi.lib</file>
         <name>fflush.c.obj</name>
      </input_file>
      <input_file id="fl-9b">
         <path>/home/rtos/ti/ccs1010/ccs/tools/compiler/ti-cgt-msp430_20.2.1.LTS/lib/</path>
         <kind>archive</kind>
         <file>rts430x_lc_ld_eabi.lib</file>
         <name>defs.c.obj</name>
      </input_file>
      <input_file id="fl-9c">
         <path>/home/rtos/ti/ccs1010/ccs/tools/compiler/ti-cgt-msp430_20.2.1.LTS/lib/</path>
         <kind>archive</kind>
         <file>rts430x_lc_ld_eabi.lib</file>
         <name>_io_perm.c.obj</name>
      </input_file>
      <input_file id="fl-9d">
         <path>/home/rtos/ti/ccs1010/ccs/tools/compiler/ti-cgt-msp430_20.2.1.LTS/lib/</path>
         <kind>archive</kind>
         <file>rts430x_lc_ld_eabi.lib</file>
         <name>fseek.c.obj</name>
      </input_file>
      <input_file id="fl-9e">
         <path>/home/rtos/ti/ccs1010/ccs/tools/compiler/ti-cgt-msp430_20.2.1.LTS/lib/</path>
         <kind>archive</kind>
         <file>rts430x_lc_ld_eabi.lib</file>
         <name>lseek.c.obj</name>
      </input_file>
      <input_file id="fl-9f">
         <path>/home/rtos/ti/ccs1010/ccs/tools/compiler/ti-cgt-msp430_20.2.1.LTS/lib/</path>
         <kind>archive</kind>
         <file>rts430x_lc_ld_eabi.lib</file>
         <name>host_device.c.obj</name>
      </input_file>
      <input_file id="fl-a0">
         <path>/home/rtos/ti/ccs1010/ccs/tools/compiler/ti-cgt-msp430_20.2.1.LTS/lib/</path>
         <kind>archive</kind>
         <file>rts430x_lc_ld_eabi.lib</file>
         <name>hostclose.c.obj</name>
      </input_file>
      <input_file id="fl-a1">
         <path>/home/rtos/ti/ccs1010/ccs/tools/compiler/ti-cgt-msp430_20.2.1.LTS/lib/</path>
         <kind>archive</kind>
         <file>rts430x_lc_ld_eabi.lib</file>
         <name>hostlseek.c.obj</name>
      </input_file>
      <input_file id="fl-a2">
         <path>/home/rtos/ti/ccs1010/ccs/tools/compiler/ti-cgt-msp430_20.2.1.LTS/lib/</path>
         <kind>archive</kind>
         <file>rts430x_lc_ld_eabi.lib</file>
         <name>hostopen.c.obj</name>
      </input_file>
      <input_file id="fl-a3">
         <path>/home/rtos/ti/ccs1010/ccs/tools/compiler/ti-cgt-msp430_20.2.1.LTS/lib/</path>
         <kind>archive</kind>
         <file>rts430x_lc_ld_eabi.lib</file>
         <name>hostread.c.obj</name>
      </input_file>
      <input_file id="fl-a4">
         <path>/home/rtos/ti/ccs1010/ccs/tools/compiler/ti-cgt-msp430_20.2.1.LTS/lib/</path>
         <kind>archive</kind>
         <file>rts430x_lc_ld_eabi.lib</file>
         <name>hostrename.c.obj</name>
      </input_file>
      <input_file id="fl-a5">
         <path>/home/rtos/ti/ccs1010/ccs/tools/compiler/ti-cgt-msp430_20.2.1.LTS/lib/</path>
         <kind>archive</kind>
         <file>rts430x_lc_ld_eabi.lib</file>
         <name>hostunlink.c.obj</name>
      </input_file>
      <input_file id="fl-a6">
         <path>/home/rtos/ti/ccs1010/ccs/tools/compiler/ti-cgt-msp430_20.2.1.LTS/lib/</path>
         <kind>archive</kind>
         <file>rts430x_lc_ld_eabi.lib</file>
         <name>hostwrite.c.obj</name>
      </input_file>
      <input_file id="fl-a7">
         <path>/home/rtos/ti/ccs1010/ccs/tools/compiler/ti-cgt-msp430_20.2.1.LTS/lib/</path>
         <kind>archive</kind>
         <file>rts430x_lc_ld_eabi.lib</file>
         <name>trgmsg.c.obj</name>
      </input_file>
      <input_file id="fl-a8">
         <path>/home/rtos/ti/ccs1010/ccs/tools/compiler/ti-cgt-msp430_20.2.1.LTS/lib/</path>
         <kind>archive</kind>
         <file>rts430x_lc_ld_eabi.lib</file>
         <name>lsl32.asm.obj</name>
      </input_file>
      <input_file id="fl-a9">
         <path>/home/rtos/ti/ccs1010/ccs/tools/compiler/ti-cgt-msp430_20.2.1.LTS/lib/</path>
         <kind>archive</kind>
         <file>rts430x_lc_ld_eabi.lib</file>
         <name>setvbuf.c.obj</name>
      </input_file>
      <input_file id="fl-aa">
         <path>/home/rtos/ti/ccs1010/ccs/tools/compiler/ti-cgt-msp430_20.2.1.LTS/lib/</path>
         <kind>archive</kind>
         <file>rts430x_lc_ld_eabi.lib</file>
         <name>fopen.c.obj</name>
      </input_file>
      <input_file id="fl-ab">
         <path>/home/rtos/ti/ccs1010/ccs/tools/compiler/ti-cgt-msp430_20.2.1.LTS/lib/</path>
         <kind>archive</kind>
         <file>rts430x_lc_ld_eabi.lib</file>
         <name>fclose.c.obj</name>
      </input_file>
      <input_file id="fl-ac">
         <path>/home/rtos/ti/ccs1010/ccs/tools/compiler/ti-cgt-msp430_20.2.1.LTS/lib/</path>
         <kind>archive</kind>
         <file>rts430x_lc_ld_eabi.lib</file>
         <name>close.c.obj</name>
      </input_file>
      <input_file id="fl-ad">
         <path>/home/rtos/ti/ccs1010/ccs/tools/compiler/ti-cgt-msp430_20.2.1.LTS/lib/</path>
         <kind>archive</kind>
         <file>rts430x_lc_ld_eabi.lib</file>
         <name>memory.c.obj</name>
      </input_file>
      <input_file id="fl-ae">
         <path>/home/rtos/ti/ccs1010/ccs/tools/compiler/ti-cgt-msp430_20.2.1.LTS/lib/</path>
         <kind>archive</kind>
         <file>rts430x_lc_ld_eabi.lib</file>
         <name>open.c.obj</name>
      </input_file>
      <input_file id="fl-af">
         <path>/home/rtos/ti/ccs1010/ccs/tools/compiler/ti-cgt-msp430_20.2.1.LTS/lib/</path>
         <kind>archive</kind>
         <file>rts430x_lc_ld_eabi.lib</file>
         <name>getdevice.c.obj</name>
      </input_file>
      <input_file id="fl-b0">
         <path>/home/rtos/ti/ccs1010/ccs/tools/compiler/ti-cgt-msp430_20.2.1.LTS/lib/</path>
         <kind>archive</kind>
         <file>rts430x_lc_ld_eabi.lib</file>
         <name>remove.c.obj</name>
      </input_file>
      <input_file id="fl-b1">
         <path>/home/rtos/ti/ccs1010/ccs/tools/compiler/ti-cgt-msp430_20.2.1.LTS/lib/</path>
         <kind>archive</kind>
         <file>rts430x_lc_ld_eabi.lib</file>
         <name>sprintf.c.obj</name>
      </input_file>
      <input_file id="fl-b2">
         <path>/home/rtos/ti/ccs1010/ccs/tools/compiler/ti-cgt-msp430_20.2.1.LTS/lib/</path>
         <kind>archive</kind>
         <file>rts430x_lc_ld_eabi.lib</file>
         <name>_printfi_min.c.obj</name>
      </input_file>
      <input_file id="fl-b3">
         <path>/home/rtos/ti/ccs1010/ccs/tools/compiler/ti-cgt-msp430_20.2.1.LTS/lib/</path>
         <kind>archive</kind>
         <file>rts430x_lc_ld_eabi.lib</file>
         <name>lsr64.c.obj</name>
      </input_file>
      <input_file id="fl-b4">
         <path>/home/rtos/ti/ccs1010/ccs/tools/compiler/ti-cgt-msp430_20.2.1.LTS/lib/</path>
         <kind>archive</kind>
         <file>rts430x_lc_ld_eabi.lib</file>
         <name>memccpy.c.obj</name>
      </input_file>
      <input_file id="fl-b5">
         <path>/home/rtos/ti/ccs1010/ccs/tools/compiler/ti-cgt-msp430_20.2.1.LTS/lib/</path>
         <kind>archive</kind>
         <file>rts430x_lc_ld_eabi.lib</file>
         <name>strchr.c.obj</name>
      </input_file>
      <input_file id="fl-b6">
         <path>/home/rtos/ti/ccs1010/ccs/tools/compiler/ti-cgt-msp430_20.2.1.LTS/lib/</path>
         <kind>archive</kind>
         <file>rts430x_lc_ld_eabi.lib</file>
         <name>strcmp.c.obj</name>
      </input_file>
      <input_file id="fl-b7">
         <path>/home/rtos/ti/ccs1010/ccs/tools/compiler/ti-cgt-msp430_20.2.1.LTS/lib/</path>
         <kind>archive</kind>
         <file>rts430x_lc_ld_eabi.lib</file>
         <name>strcpy.c.obj</name>
      </input_file>
      <input_file id="fl-b8">
         <path>/home/rtos/ti/ccs1010/ccs/tools/compiler/ti-cgt-msp430_20.2.1.LTS/lib/</path>
         <kind>archive</kind>
         <file>rts430x_lc_ld_eabi.lib</file>
         <name>strlen.c.obj</name>
      </input_file>
      <input_file id="fl-b9">
         <path>/home/rtos/ti/ccs1010/ccs/tools/compiler/ti-cgt-msp430_20.2.1.LTS/lib/</path>
         <kind>archive</kind>
         <file>rts430x_lc_ld_eabi.lib</file>
         <name>strncat.c.obj</name>
      </input_file>
      <input_file id="fl-ba">
         <path>/home/rtos/ti/ccs1010/ccs/tools/compiler/ti-cgt-msp430_20.2.1.LTS/lib/</path>
         <kind>archive</kind>
         <file>rts430x_lc_ld_eabi.lib</file>
         <name>strncmp.c.obj</name>
      </input_file>
      <input_file id="fl-bb">
         <path>/home/rtos/ti/ccs1010/ccs/tools/compiler/ti-cgt-msp430_20.2.1.LTS/lib/</path>
         <kind>archive</kind>
         <file>rts430x_lc_ld_eabi.lib</file>
         <name>strncpy.c.obj</name>
      </input_file>
      <input_file id="fl-bc">
         <path>/home/rtos/ti/ccs1010/ccs/tools/compiler/ti-cgt-msp430_20.2.1.LTS/lib/</path>
         <kind>archive</kind>
         <file>rts430x_lc_ld_eabi.lib</file>
         <name>unlink.c.obj</name>
      </input_file>
      <input_file id="fl-bd">
         <path>/home/rtos/ti/ccs1010/ccs/tools/compiler/ti-cgt-msp430_20.2.1.LTS/lib/</path>
         <kind>archive</kind>
         <file>rts430x_lc_ld_eabi.lib</file>
         <name>write.c.obj</name>
      </input_file>
   </input_file_list>
   <object_component_list>
      <object_component id="oc-b05">
         <name>.TI.persistent:ucHeap</name>
         <load_address>0x4000</load_address>
         <run_address>0x4000</run_address>
         <size>0x3800</size>
         <input_file_ref idref="fl-3"/>
      </object_component>
      <object_component id="oc-ce0">
         <name>.cio</name>
         <load_address>0x7800</load_address>
         <run_address>0x7800</run_address>
         <size>0x120</size>
         <input_file_ref idref="fl-a7"/>
      </object_component>
      <object_component id="oc-69a">
         <name>.sysmem</name>
         <load_address>0x7920</load_address>
         <run_address>0x7920</run_address>
         <size>0x8</size>
         <input_file_ref idref="fl-ad"/>
      </object_component>
      <object_component id="oc-da3">
         <name>.sysmem</name>
         <load_address>0x7920</load_address>
         <run_address>0x7920</run_address>
         <size>0x0</size>
      </object_component>
      <object_component id="oc-da1">
         <name>.cinit..data.load</name>
         <load_address>0x8134</load_address>
         <run_address>0x8134</run_address>
         <size>0x2d</size>
      </object_component>
      <object_component id="oc-d9e">
         <name>__TI_handler_table</name>
         <load_address>0x8162</load_address>
         <run_address>0x8162</run_address>
         <size>0xc</size>
      </object_component>
      <object_component id="oc-da0">
         <name>.cinit..bss.load</name>
         <load_address>0x816e</load_address>
         <run_address>0x816e</run_address>
         <size>0x6</size>
      </object_component>
      <object_component id="oc-d9f">
         <name>__TI_cinit_table</name>
         <load_address>0x8174</load_address>
         <run_address>0x8174</run_address>
         <size>0x10</size>
      </object_component>
      <object_component id="oc-d2d">
         <name>.binit</name>
         <load_address>0x4000</load_address>
         <run_address>0x4000</run_address>
         <size>0x0</size>
      </object_component>
      <object_component id="oc-6c6">
         <name>.text:_isr:prvUSCI_A0_ISR</name>
         <load_address>0x8000</load_address>
         <run_address>0x8000</run_address>
         <size>0x6a</size>
         <input_file_ref idref="fl-15"/>
      </object_component>
      <object_component id="oc-6de">
         <name>.text:_isr:_c_int00_noargs</name>
         <load_address>0x806a</load_address>
         <run_address>0x806a</run_address>
         <size>0x1c</size>
         <input_file_ref idref="fl-8d"/>
      </object_component>
      <object_component id="oc-6ba">
         <name>.text:_isr:v4RunTimeStatsTimerOverflow</name>
         <load_address>0x8086</load_address>
         <run_address>0x8086</run_address>
         <size>0x14</size>
         <input_file_ref idref="fl-14"/>
      </object_component>
      <object_component id="oc-6c0">
         <name>.text:_isr:vTickISREntry</name>
         <load_address>0x809a</load_address>
         <run_address>0x809a</run_address>
         <size>0x10</size>
         <input_file_ref idref="fl-e"/>
      </object_component>
      <object_component id="oc-6b5">
         <name>.text:_isr:__TI_ISR_TRAP</name>
         <load_address>0x80aa</load_address>
         <run_address>0x80aa</run_address>
         <size>0x8</size>
         <input_file_ref idref="fl-5c"/>
      </object_component>
      <object_component id="oc-a0e">
         <name>.const:.string</name>
         <load_address>0x80b2</load_address>
         <run_address>0x80b2</run_address>
         <size>0x3c</size>
         <input_file_ref idref="fl-c"/>
      </object_component>
      <object_component id="oc-978">
         <name>.const:GPIO_PORT_TO_BASE</name>
         <load_address>0x80ee</load_address>
         <run_address>0x80ee</run_address>
         <size>0x1c</size>
         <input_file_ref idref="fl-2a"/>
      </object_component>
      <object_component id="oc-b77">
         <name>.const:.string</name>
         <load_address>0x810a</load_address>
         <run_address>0x810a</run_address>
         <size>0x14</size>
         <input_file_ref idref="fl-b2"/>
      </object_component>
      <object_component id="oc-905">
         <name>.const:.string</name>
         <load_address>0x811e</load_address>
         <run_address>0x811e</run_address>
         <size>0xc</size>
         <input_file_ref idref="fl-5"/>
      </object_component>
      <object_component id="oc-b6d">
         <name>.const:.string</name>
         <load_address>0x812a</load_address>
         <run_address>0x812a</run_address>
         <size>0x8</size>
         <input_file_ref idref="fl-4"/>
      </object_component>
      <object_component id="oc-a3c">
         <name>.const</name>
         <load_address>0x8132</load_address>
         <run_address>0x8132</run_address>
         <size>0x2</size>
         <input_file_ref idref="fl-c"/>
      </object_component>
      <object_component id="oc-797">
         <name>.text:xTaskIncrementTick</name>
         <load_address>0x10000</load_address>
         <run_address>0x10000</run_address>
         <size>0x1d8</size>
         <input_file_ref idref="fl-c"/>
      </object_component>
      <object_component id="oc-c42">
         <name>.text:aligned_alloc</name>
         <load_address>0x101d8</load_address>
         <run_address>0x101d8</run_address>
         <size>0x1c2</size>
         <input_file_ref idref="fl-ad"/>
      </object_component>
      <object_component id="oc-b15">
         <name>.text:tiny_print</name>
         <load_address>0x1039a</load_address>
         <run_address>0x1039a</run_address>
         <size>0x1c0</size>
         <input_file_ref idref="fl-4"/>
      </object_component>
      <object_component id="oc-a8b">
         <name>.text:xTaskResumeAll</name>
         <load_address>0x1055a</load_address>
         <run_address>0x1055a</run_address>
         <size>0x18c</size>
         <input_file_ref idref="fl-c"/>
      </object_component>
      <object_component id="oc-98c">
         <name>.text:pvPortMalloc</name>
         <load_address>0x106e6</load_address>
         <run_address>0x106e6</run_address>
         <size>0x184</size>
         <input_file_ref idref="fl-10"/>
      </object_component>
      <object_component id="oc-b24">
         <name>.text:_setfield</name>
         <load_address>0x1086a</load_address>
         <run_address>0x1086a</run_address>
         <size>0x182</size>
         <input_file_ref idref="fl-b2"/>
      </object_component>
      <object_component id="oc-8ff">
         <name>.text:Task1</name>
         <load_address>0x109ec</load_address>
         <run_address>0x109ec</run_address>
         <size>0x164</size>
         <input_file_ref idref="fl-c"/>
      </object_component>
      <object_component id="oc-90c">
         <name>.text:Task2</name>
         <load_address>0x10b50</load_address>
         <run_address>0x10b50</run_address>
         <size>0x164</size>
         <input_file_ref idref="fl-c"/>
      </object_component>
      <object_component id="oc-bfc">
         <name>.text:free</name>
         <load_address>0x10cb4</load_address>
         <run_address>0x10cb4</run_address>
         <size>0x14c</size>
         <input_file_ref idref="fl-ad"/>
      </object_component>
      <object_component id="oc-7b7">
         <name>.text:xTaskRemoveFromEventList</name>
         <load_address>0x10e00</load_address>
         <run_address>0x10e00</run_address>
         <size>0x14c</size>
         <input_file_ref idref="fl-c"/>
      </object_component>
      <object_component id="oc-a22">
         <name>.text:prvInitialiseNewTask</name>
         <load_address>0x10f4c</load_address>
         <run_address>0x10f4c</run_address>
         <size>0x126</size>
         <input_file_ref idref="fl-c"/>
      </object_component>
      <object_component id="oc-be3">
         <name>.text:setvbuf</name>
         <load_address>0x11072</load_address>
         <run_address>0x11072</run_address>
         <size>0xfa</size>
         <input_file_ref idref="fl-a9"/>
      </object_component>
      <object_component id="oc-b67">
         <name>.text:printi</name>
         <load_address>0x1116c</load_address>
         <run_address>0x1116c</run_address>
         <size>0xf0</size>
         <input_file_ref idref="fl-4"/>
      </object_component>
      <object_component id="oc-7d5">
         <name>.text:prvSetupHardware</name>
         <load_address>0x1125c</load_address>
         <run_address>0x1125c</run_address>
         <size>0xe8</size>
         <input_file_ref idref="fl-3"/>
      </object_component>
      <object_component id="oc-ab8">
         <name>.text:__TI_printfi_minimal</name>
         <load_address>0x11344</load_address>
         <run_address>0x11344</run_address>
         <size>0xe4</size>
         <input_file_ref idref="fl-b2"/>
      </object_component>
      <object_component id="oc-a28">
         <name>.text:prvAddNewTaskToReadyList</name>
         <load_address>0x11428</load_address>
         <run_address>0x11428</run_address>
         <size>0xe2</size>
         <input_file_ref idref="fl-c"/>
      </object_component>
      <object_component id="oc-a98">
         <name>.text:xQueueGenericReset</name>
         <load_address>0x1150a</load_address>
         <run_address>0x1150a</run_address>
         <size>0xde</size>
         <input_file_ref idref="fl-a"/>
      </object_component>
      <object_component id="oc-b78">
         <name>.text:_pproc_diouxp</name>
         <load_address>0x115e8</load_address>
         <run_address>0x115e8</run_address>
         <size>0xda</size>
         <input_file_ref idref="fl-b2"/>
      </object_component>
      <object_component id="oc-87c">
         <name>.text:xTaskPriorityDisinherit</name>
         <load_address>0x116c2</load_address>
         <run_address>0x116c2</run_address>
         <size>0xd0</size>
         <input_file_ref idref="fl-c"/>
      </object_component>
      <object_component id="oc-a7c">
         <name>.text:prvHeapInit</name>
         <load_address>0x11792</load_address>
         <run_address>0x11792</run_address>
         <size>0xc6</size>
         <input_file_ref idref="fl-10"/>
      </object_component>
      <object_component id="oc-ac0">
         <name>.text:prvAddCurrentTaskToDelayedList</name>
         <load_address>0x11858</load_address>
         <run_address>0x11858</run_address>
         <size>0xc4</size>
         <input_file_ref idref="fl-c"/>
      </object_component>
      <object_component id="oc-c8e">
         <name>.text:split</name>
         <load_address>0x1191c</load_address>
         <run_address>0x1191c</run_address>
         <size>0xc2</size>
         <input_file_ref idref="fl-ad"/>
      </object_component>
      <object_component id="oc-906">
         <name>.text:xTaskCreate</name>
         <load_address>0x119de</load_address>
         <run_address>0x119de</run_address>
         <size>0xbc</size>
         <input_file_ref idref="fl-c"/>
      </object_component>
      <object_component id="oc-724">
         <name>.text</name>
         <load_address>0x11a9a</load_address>
         <run_address>0x11a9a</run_address>
         <size>0xa6</size>
         <input_file_ref idref="fl-f"/>
      </object_component>
      <object_component id="oc-7b1">
         <name>.text:prvCopyDataToQueue</name>
         <load_address>0x11b40</load_address>
         <run_address>0x11b40</run_address>
         <size>0x9e</size>
         <input_file_ref idref="fl-a"/>
      </object_component>
      <object_component id="oc-c6d">
         <name>.text:HOSTlseek</name>
         <load_address>0x11bde</load_address>
         <run_address>0x11bde</run_address>
         <size>0x9a</size>
         <input_file_ref idref="fl-a1"/>
      </object_component>
      <object_component id="oc-a1c">
         <name>.text:vPortFree</name>
         <load_address>0x11c78</load_address>
         <run_address>0x11c78</run_address>
         <size>0x98</size>
         <input_file_ref idref="fl-10"/>
      </object_component>
      <object_component id="oc-72d">
         <name>.text:xQueueGenericSendFromISR</name>
         <load_address>0x11d10</load_address>
         <run_address>0x11d10</run_address>
         <size>0x94</size>
         <input_file_ref idref="fl-a"/>
      </object_component>
      <object_component id="oc-bb5">
         <name>.text:fputc</name>
         <load_address>0x11da4</load_address>
         <run_address>0x11da4</run_address>
         <size>0x90</size>
         <input_file_ref idref="fl-99"/>
      </object_component>
      <object_component id="oc-bc2">
         <name>.text:__TI_wrt_ok</name>
         <load_address>0x11e34</load_address>
         <run_address>0x11e34</run_address>
         <size>0x86</size>
         <input_file_ref idref="fl-9c"/>
      </object_component>
      <object_component id="oc-b61">
         <name>.text:prints</name>
         <load_address>0x11eba</load_address>
         <run_address>0x11eba</run_address>
         <size>0x86</size>
         <input_file_ref idref="fl-4"/>
      </object_component>
      <object_component id="oc-79d">
         <name>.text:vTaskSwitchContext</name>
         <load_address>0x11f40</load_address>
         <run_address>0x11f40</run_address>
         <size>0x80</size>
         <input_file_ref idref="fl-c"/>
      </object_component>
      <object_component id="oc-733">
         <name>.text:xQueueReceiveFromISR</name>
         <load_address>0x11fc0</load_address>
         <run_address>0x11fc0</run_address>
         <size>0x7e</size>
         <input_file_ref idref="fl-a"/>
      </object_component>
      <object_component id="oc-806">
         <name>.text:__TI_auto_init_nobinit_nopinit_hold_wdt:__TI_auto_init_nobinit_nopinit_hold_wdt</name>
         <load_address>0x1203e</load_address>
         <run_address>0x1203e</run_address>
         <size>0x78</size>
         <input_file_ref idref="fl-90"/>
      </object_component>
      <object_component id="oc-84">
         <name>.text:decompress:lzss:__TI_decompress_lzss</name>
         <load_address>0x120b6</load_address>
         <run_address>0x120b6</run_address>
         <size>0x76</size>
         <input_file_ref idref="fl-59"/>
      </object_component>
      <object_component id="oc-c79">
         <name>.text:HOSTrename</name>
         <load_address>0x1212c</load_address>
         <run_address>0x1212c</run_address>
         <size>0x74</size>
         <input_file_ref idref="fl-a4"/>
      </object_component>
      <object_component id="oc-c49">
         <name>.text:__TI_closefile</name>
         <load_address>0x121a0</load_address>
         <run_address>0x121a0</run_address>
         <size>0x74</size>
         <input_file_ref idref="fl-ab"/>
      </object_component>
      <object_component id="oc-bdd">
         <name>.text:fseek</name>
         <load_address>0x12214</load_address>
         <run_address>0x12214</run_address>
         <size>0x74</size>
         <input_file_ref idref="fl-9d"/>
      </object_component>
      <object_component id="oc-7db">
         <name>.text:main_blinky</name>
         <load_address>0x12288</load_address>
         <run_address>0x12288</run_address>
         <size>0x74</size>
         <input_file_ref idref="fl-5"/>
      </object_component>
      <object_component id="oc-8a6">
         <name>.text:GPIO_setAsPeripheralModuleFunctionInputPin</name>
         <load_address>0x122fc</load_address>
         <run_address>0x122fc</run_address>
         <size>0x72</size>
         <input_file_ref idref="fl-2a"/>
      </object_component>
      <object_component id="oc-8ac">
         <name>.text:GPIO_setAsPeripheralModuleFunctionOutputPin</name>
         <load_address>0x1236e</load_address>
         <run_address>0x1236e</run_address>
         <size>0x72</size>
         <input_file_ref idref="fl-2a"/>
      </object_component>
      <object_component id="oc-a85">
         <name>.text:prvInsertBlockIntoFreeList</name>
         <load_address>0x123e0</load_address>
         <run_address>0x123e0</run_address>
         <size>0x72</size>
         <input_file_ref idref="fl-10"/>
      </object_component>
      <object_component id="oc-c55">
         <name>.text:HOSTopen</name>
         <load_address>0x12452</load_address>
         <run_address>0x12452</run_address>
         <size>0x70</size>
         <input_file_ref idref="fl-a2"/>
      </object_component>
      <object_component id="oc-8d1">
         <name>.text:xQueueGenericCreate</name>
         <load_address>0x124c2</load_address>
         <run_address>0x124c2</run_address>
         <size>0x6e</size>
         <input_file_ref idref="fl-a"/>
      </object_component>
      <object_component id="oc-c67">
         <name>.text:HOSTwrite</name>
         <load_address>0x12530</load_address>
         <run_address>0x12530</run_address>
         <size>0x6c</size>
         <input_file_ref idref="fl-a6"/>
      </object_component>
      <object_component id="oc-c61">
         <name>.text:HOSTread</name>
         <load_address>0x1259c</load_address>
         <run_address>0x1259c</run_address>
         <size>0x6a</size>
         <input_file_ref idref="fl-a3"/>
      </object_component>
      <object_component id="oc-8be">
         <name>.text:CS_initClockSignal</name>
         <load_address>0x12606</load_address>
         <run_address>0x12606</run_address>
         <size>0x66</size>
         <input_file_ref idref="fl-22"/>
      </object_component>
      <object_component id="oc-cd4">
         <name>.text:getdevice</name>
         <load_address>0x1266c</load_address>
         <run_address>0x1266c</run_address>
         <size>0x62</size>
         <input_file_ref idref="fl-af"/>
      </object_component>
      <object_component id="oc-adb">
         <name>.text:prvInitialiseTaskLists</name>
         <load_address>0x126ce</load_address>
         <run_address>0x126ce</run_address>
         <size>0x62</size>
         <input_file_ref idref="fl-c"/>
      </object_component>
      <object_component id="oc-bc8">
         <name>.text:__TI_doflush</name>
         <load_address>0x12730</load_address>
         <run_address>0x12730</run_address>
         <size>0x60</size>
         <input_file_ref idref="fl-9a"/>
      </object_component>
      <object_component id="oc-912">
         <name>.text:vTaskStartScheduler</name>
         <load_address>0x12790</load_address>
         <run_address>0x12790</run_address>
         <size>0x5e</size>
         <input_file_ref idref="fl-c"/>
      </object_component>
      <object_component id="oc-c95">
         <name>.text:close</name>
         <load_address>0x127ee</load_address>
         <run_address>0x127ee</run_address>
         <size>0x5a</size>
         <input_file_ref idref="fl-ac"/>
      </object_component>
      <object_component id="oc-987">
         <name>.text</name>
         <load_address>0x12848</load_address>
         <run_address>0x12848</run_address>
         <size>0x58</size>
         <input_file_ref idref="fl-82"/>
      </object_component>
      <object_component id="oc-b3e">
         <name>.text:vListInsert</name>
         <load_address>0x128a0</load_address>
         <run_address>0x128a0</run_address>
         <size>0x54</size>
         <input_file_ref idref="fl-9"/>
      </object_component>
      <object_component id="oc-ae2">
         <name>.text:prvCheckTasksWaitingTermination</name>
         <load_address>0x128f4</load_address>
         <run_address>0x128f4</run_address>
         <size>0x50</size>
         <input_file_ref idref="fl-c"/>
      </object_component>
      <object_component id="oc-c5b">
         <name>.text:HOSTclose</name>
         <load_address>0x12944</load_address>
         <run_address>0x12944</run_address>
         <size>0x4e</size>
         <input_file_ref idref="fl-a0"/>
      </object_component>
      <object_component id="oc-cfd">
         <name>.text:strncpy</name>
         <load_address>0x12992</load_address>
         <run_address>0x12992</run_address>
         <size>0x4e</size>
         <input_file_ref idref="fl-bb"/>
      </object_component>
      <object_component id="oc-872">
         <name>.text:EDFSched</name>
         <load_address>0x129e0</load_address>
         <run_address>0x129e0</run_address>
         <size>0x4c</size>
         <input_file_ref idref="fl-c"/>
      </object_component>
      <object_component id="oc-a06">
         <name>.text:PrintBuffer</name>
         <load_address>0x12a2c</load_address>
         <run_address>0x12a2c</run_address>
         <size>0x4c</size>
         <input_file_ref idref="fl-c"/>
      </object_component>
      <object_component id="oc-7e8">
         <name>.text:exit</name>
         <load_address>0x12a78</load_address>
         <run_address>0x12a78</run_address>
         <size>0x4a</size>
         <input_file_ref idref="fl-94"/>
      </object_component>
      <object_component id="oc-b2a">
         <name>.text:_pproc_str</name>
         <load_address>0x12ac2</load_address>
         <run_address>0x12ac2</run_address>
         <size>0x48</size>
         <input_file_ref idref="fl-b2"/>
      </object_component>
      <object_component id="oc-c73">
         <name>.text:HOSTunlink</name>
         <load_address>0x12b0a</load_address>
         <run_address>0x12b0a</run_address>
         <size>0x46</size>
         <input_file_ref idref="fl-a5"/>
      </object_component>
      <object_component id="oc-c3b">
         <name>.text:free_list_insert</name>
         <load_address>0x12b50</load_address>
         <run_address>0x12b50</run_address>
         <size>0x46</size>
         <input_file_ref idref="fl-ad"/>
      </object_component>
      <object_component id="oc-a0f">
         <name>.text:sprintf</name>
         <load_address>0x12b96</load_address>
         <run_address>0x12b96</run_address>
         <size>0x44</size>
         <input_file_ref idref="fl-b1"/>
      </object_component>
      <object_component id="oc-92b">
         <name>.text:l_asr_const</name>
         <load_address>0x12bda</load_address>
         <run_address>0x12bda</run_address>
         <size>0x3e</size>
         <input_file_ref idref="fl-91"/>
      </object_component>
      <object_component id="oc-cbc">
         <name>.text:l_lsl_const</name>
         <load_address>0x12c18</load_address>
         <run_address>0x12c18</run_address>
         <size>0x3e</size>
         <input_file_ref idref="fl-a8"/>
      </object_component>
      <object_component id="oc-bf4">
         <name>.text:lseek</name>
         <load_address>0x12c56</load_address>
         <run_address>0x12c56</run_address>
         <size>0x3e</size>
         <input_file_ref idref="fl-9e"/>
      </object_component>
      <object_component id="oc-6a8">
         <name>.text:memcpy</name>
         <load_address>0x12c94</load_address>
         <run_address>0x12c94</run_address>
         <size>0x3c</size>
         <input_file_ref idref="fl-97"/>
      </object_component>
      <object_component id="oc-bce">
         <name>.text:write</name>
         <load_address>0x12cd0</load_address>
         <run_address>0x12cd0</run_address>
         <size>0x3c</size>
         <input_file_ref idref="fl-bd"/>
      </object_component>
      <object_component id="oc-8c4">
         <name>.text:CS_turnOnLFXT</name>
         <load_address>0x12d0c</load_address>
         <run_address>0x12d0c</run_address>
         <size>0x3a</size>
         <input_file_ref idref="fl-22"/>
      </object_component>
      <object_component id="oc-96f">
         <name>.text:uxListRemove</name>
         <load_address>0x12d46</load_address>
         <run_address>0x12d46</run_address>
         <size>0x3a</size>
         <input_file_ref idref="fl-9"/>
      </object_component>
      <object_component id="oc-c08">
         <name>.text:__TI_cleanup</name>
         <load_address>0x12d80</load_address>
         <run_address>0x12d80</run_address>
         <size>0x36</size>
         <input_file_ref idref="fl-aa"/>
      </object_component>
      <object_component id="oc-ca9">
         <name>.text:__TI_writemsg</name>
         <load_address>0x12db6</load_address>
         <run_address>0x12db6</run_address>
         <size>0x36</size>
         <input_file_ref idref="fl-a7"/>
      </object_component>
      <object_component id="oc-d03">
         <name>.text:finddevice</name>
         <load_address>0x12dec</load_address>
         <run_address>0x12dec</run_address>
         <size>0x36</size>
         <input_file_ref idref="fl-af"/>
      </object_component>
      <object_component id="oc-b6e">
         <name>.text:printchar</name>
         <load_address>0x12e22</load_address>
         <run_address>0x12e22</run_address>
         <size>0x36</size>
         <input_file_ref idref="fl-4"/>
      </object_component>
      <object_component id="oc-8a0">
         <name>.text:GPIO_setAsOutputPin</name>
         <load_address>0x12e58</load_address>
         <run_address>0x12e58</run_address>
         <size>0x34</size>
         <input_file_ref idref="fl-2a"/>
      </object_component>
      <object_component id="oc-b7e">
         <name>.text:memccpy</name>
         <load_address>0x12e8c</load_address>
         <run_address>0x12e8c</run_address>
         <size>0x34</size>
         <input_file_ref idref="fl-b4"/>
      </object_component>
      <object_component id="oc-7c5">
         <name>.text:prvCopyDataFromQueue</name>
         <load_address>0x12ec0</load_address>
         <run_address>0x12ec0</run_address>
         <size>0x34</size>
         <input_file_ref idref="fl-a"/>
      </object_component>
      <object_component id="oc-a15">
         <name>.text:vTaskDelay</name>
         <load_address>0x12ef4</load_address>
         <run_address>0x12ef4</run_address>
         <size>0x34</size>
         <input_file_ref idref="fl-c"/>
      </object_component>
      <object_component id="oc-caf">
         <name>.text:__TI_readmsg</name>
         <load_address>0x12f28</load_address>
         <run_address>0x12f28</run_address>
         <size>0x32</size>
         <input_file_ref idref="fl-a7"/>
      </object_component>
      <object_component id="oc-c9c">
         <name>.text:unlink</name>
         <load_address>0x12f5a</load_address>
         <run_address>0x12f5a</run_address>
         <size>0x30</size>
         <input_file_ref idref="fl-bc"/>
      </object_component>
      <object_component id="oc-b0e">
         <name>.text:vListInitialise</name>
         <load_address>0x12f8a</load_address>
         <run_address>0x12f8a</run_address>
         <size>0x2c</size>
         <input_file_ref idref="fl-9"/>
      </object_component>
      <object_component id="oc-c35">
         <name>.text:free_list_remove</name>
         <load_address>0x12fb6</load_address>
         <run_address>0x12fb6</run_address>
         <size>0x2a</size>
         <input_file_ref idref="fl-ad"/>
      </object_component>
      <object_component id="oc-992">
         <name>.text:prvInitialiseNewQueue</name>
         <load_address>0x12fe0</load_address>
         <run_address>0x12fe0</run_address>
         <size>0x2a</size>
         <input_file_ref idref="fl-a"/>
      </object_component>
      <object_component id="oc-aac">
         <name>.text:_outs</name>
         <load_address>0x1300a</load_address>
         <run_address>0x1300a</run_address>
         <size>0x28</size>
         <input_file_ref idref="fl-b1"/>
      </object_component>
      <object_component id="oc-85d">
         <name>.text:prvResetNextTaskUnblockTime</name>
         <load_address>0x13032</load_address>
         <run_address>0x13032</run_address>
         <size>0x28</size>
         <input_file_ref idref="fl-c"/>
      </object_component>
      <object_component id="oc-a00">
         <name>.text:xTaskGetTickCount</name>
         <load_address>0x1305a</load_address>
         <run_address>0x1305a</run_address>
         <size>0x28</size>
         <input_file_ref idref="fl-c"/>
      </object_component>
      <object_component id="oc-7a3">
         <name>.text:vApplicationSetupTimerInterrupt</name>
         <load_address>0x13082</load_address>
         <run_address>0x13082</run_address>
         <size>0x26</size>
         <input_file_ref idref="fl-3"/>
      </object_component>
      <object_component id="oc-6d2">
         <name>.text:decompress:ZI:__TI_zero_init</name>
         <load_address>0x130a8</load_address>
         <run_address>0x130a8</run_address>
         <size>0x24</size>
         <input_file_ref idref="fl-7e"/>
      </object_component>
      <object_component id="oc-ad4">
         <name>.text:pxPortInitialiseStack</name>
         <load_address>0x130cc</load_address>
         <run_address>0x130cc</run_address>
         <size>0x24</size>
         <input_file_ref idref="fl-e"/>
      </object_component>
      <object_component id="oc-a09">
         <name>.text</name>
         <load_address>0x130f0</load_address>
         <run_address>0x130f0</run_address>
         <size>0x24</size>
         <input_file_ref idref="fl-86"/>
      </object_component>
      <object_component id="oc-ac8">
         <name>.text:memset</name>
         <load_address>0x13114</load_address>
         <run_address>0x13114</run_address>
         <size>0x20</size>
         <input_file_ref idref="fl-98"/>
      </object_component>
      <object_component id="oc-89a">
         <name>.text:GPIO_setOutputLowOnPin</name>
         <load_address>0x13134</load_address>
         <run_address>0x13134</run_address>
         <size>0x1c</size>
         <input_file_ref idref="fl-2a"/>
      </object_component>
      <object_component id="oc-cf7">
         <name>.text:strchr</name>
         <load_address>0x13150</load_address>
         <run_address>0x13150</run_address>
         <size>0x1c</size>
         <input_file_ref idref="fl-b5"/>
      </object_component>
      <object_component id="oc-d1c">
         <name>.text:strcmp</name>
         <load_address>0x1316c</load_address>
         <run_address>0x1316c</run_address>
         <size>0x1c</size>
         <input_file_ref idref="fl-b6"/>
      </object_component>
      <object_component id="oc-aa5">
         <name>.text:printf</name>
         <load_address>0x13188</load_address>
         <run_address>0x13188</run_address>
         <size>0x18</size>
         <input_file_ref idref="fl-4"/>
      </object_component>
      <object_component id="oc-863">
         <name>.text</name>
         <load_address>0x131a0</load_address>
         <run_address>0x131a0</run_address>
         <size>0x18</size>
         <input_file_ref idref="fl-84"/>
      </object_component>
      <object_component id="oc-7ce">
         <name>.text:WDT_A_hold</name>
         <load_address>0x131b8</load_address>
         <run_address>0x131b8</run_address>
         <size>0x16</size>
         <input_file_ref idref="fl-38"/>
      </object_component>
      <object_component id="oc-8a">
         <name>.text:decompress:none:__TI_decompress_none</name>
         <load_address>0x131ce</load_address>
         <run_address>0x131ce</run_address>
         <size>0x16</size>
         <input_file_ref idref="fl-5a"/>
      </object_component>
      <object_component id="oc-c2f">
         <name>.text:heap_start</name>
         <load_address>0x131e4</load_address>
         <run_address>0x131e4</run_address>
         <size>0x16</size>
         <input_file_ref idref="fl-ad"/>
      </object_component>
      <object_component id="oc-b56">
         <name>.text:prvDeleteTCB</name>
         <load_address>0x131fa</load_address>
         <run_address>0x131fa</run_address>
         <size>0x16</size>
         <input_file_ref idref="fl-c"/>
      </object_component>
      <object_component id="oc-a30">
         <name>.text:prvIdleTask</name>
         <load_address>0x13210</load_address>
         <run_address>0x13210</run_address>
         <size>0x16</size>
         <input_file_ref idref="fl-c"/>
      </object_component>
      <object_component id="oc-b9a">
         <name>.text</name>
         <load_address>0x13226</load_address>
         <run_address>0x13226</run_address>
         <size>0x16</size>
         <input_file_ref idref="fl-81"/>
      </object_component>
      <object_component id="oc-ab2">
         <name>.text:_outc</name>
         <load_address>0x1323c</load_address>
         <run_address>0x1323c</run_address>
         <size>0x14</size>
         <input_file_ref idref="fl-b1"/>
      </object_component>
      <object_component id="oc-8b2">
         <name>.text:CS_setDCOFreq</name>
         <load_address>0x13250</load_address>
         <run_address>0x13250</run_address>
         <size>0x12</size>
         <input_file_ref idref="fl-22"/>
      </object_component>
      <object_component id="oc-8b8">
         <name>.text:CS_setExternalClockSource</name>
         <load_address>0x13262</load_address>
         <run_address>0x13262</run_address>
         <size>0x12</size>
         <input_file_ref idref="fl-22"/>
      </object_component>
      <object_component id="oc-cc5">
         <name>.text:strcpy</name>
         <load_address>0x13274</load_address>
         <run_address>0x13274</run_address>
         <size>0x12</size>
         <input_file_ref idref="fl-b7"/>
      </object_component>
      <object_component id="oc-b1e">
         <name>.text:strlen</name>
         <load_address>0x13286</load_address>
         <run_address>0x13286</run_address>
         <size>0x12</size>
         <input_file_ref idref="fl-b8"/>
      </object_component>
      <object_component id="oc-a36">
         <name>.text:vConfigureTimerForRunTimeStats</name>
         <load_address>0x13298</load_address>
         <run_address>0x13298</run_address>
         <size>0x10</size>
         <input_file_ref idref="fl-14"/>
      </object_component>
      <object_component id="oc-74c">
         <name>.text:_system_pre_init</name>
         <load_address>0x132a8</load_address>
         <run_address>0x132a8</run_address>
         <size>0xc</size>
         <input_file_ref idref="fl-3"/>
      </object_component>
      <object_component id="oc-752">
         <name>.text:main</name>
         <load_address>0x132b4</load_address>
         <run_address>0x132b4</run_address>
         <size>0xc</size>
         <input_file_ref idref="fl-3"/>
      </object_component>
      <object_component id="oc-c02">
         <name>.text:malloc</name>
         <load_address>0x132c0</load_address>
         <run_address>0x132c0</run_address>
         <size>0xc</size>
         <input_file_ref idref="fl-ad"/>
      </object_component>
      <object_component id="oc-ae8">
         <name>.text:vApplicationIdleHook</name>
         <load_address>0x132cc</load_address>
         <run_address>0x132cc</run_address>
         <size>0xc</size>
         <input_file_ref idref="fl-3"/>
      </object_component>
      <object_component id="oc-a91">
         <name>.text:vApplicationMallocFailedHook</name>
         <load_address>0x132d8</load_address>
         <run_address>0x132d8</run_address>
         <size>0xa</size>
         <input_file_ref idref="fl-3"/>
      </object_component>
      <object_component id="oc-ba0">
         <name>.text:putchar</name>
         <load_address>0x132e2</load_address>
         <run_address>0x132e2</run_address>
         <size>0x8</size>
         <input_file_ref idref="fl-99"/>
      </object_component>
      <object_component id="oc-ace">
         <name>.text:vListInitialiseItem</name>
         <load_address>0x132ea</load_address>
         <run_address>0x132ea</run_address>
         <size>0x8</size>
         <input_file_ref idref="fl-9"/>
      </object_component>
      <object_component id="oc-8ca">
         <name>.text:PMM_unlockLPM5</name>
         <load_address>0x132f2</load_address>
         <run_address>0x132f2</run_address>
         <size>0x6</size>
         <input_file_ref idref="fl-2e"/>
      </object_component>
      <object_component id="oc-7e2">
         <name>.text:abort</name>
         <load_address>0x132f8</load_address>
         <run_address>0x132f8</run_address>
         <size>0x6</size>
         <input_file_ref idref="fl-94"/>
      </object_component>
      <object_component id="oc-a73">
         <name>.text:vTaskSuspendAll</name>
         <load_address>0x132fe</load_address>
         <run_address>0x132fe</run_address>
         <size>0x6</size>
         <input_file_ref idref="fl-c"/>
      </object_component>
      <object_component id="oc-a42">
         <name>.text:_nop</name>
         <load_address>0x13304</load_address>
         <run_address>0x13304</run_address>
         <size>0x2</size>
         <input_file_ref idref="fl-96"/>
      </object_component>
      <object_component id="oc-930">
         <name>.text:_system_post_cinit</name>
         <load_address>0x13306</load_address>
         <run_address>0x13306</run_address>
         <size>0x2</size>
         <input_file_ref idref="fl-92"/>
      </object_component>
      <object_component id="oc-86b">
         <name>.text:vApplicationTickHook</name>
         <load_address>0x13308</load_address>
         <run_address>0x13308</run_address>
         <size>0x2</size>
         <input_file_ref idref="fl-3"/>
      </object_component>
      <object_component id="oc-868">
         <name>.bss:pxReadyTasksLists</name>
         <uninitialized>true</uninitialized>
         <run_address>0x3b38</run_address>
         <size>0x5a</size>
         <input_file_ref idref="fl-c"/>
      </object_component>
      <object_component id="oc-b4c">
         <name>.bss:xDelayedTaskList1</name>
         <uninitialized>true</uninitialized>
         <run_address>0x3ba6</run_address>
         <size>0x12</size>
         <input_file_ref idref="fl-c"/>
      </object_component>
      <object_component id="oc-b4f">
         <name>.bss:xDelayedTaskList2</name>
         <uninitialized>true</uninitialized>
         <run_address>0x3bb8</run_address>
         <size>0x12</size>
         <input_file_ref idref="fl-c"/>
      </object_component>
      <object_component id="oc-85a">
         <name>.bss</name>
         <uninitialized>true</uninitialized>
         <run_address>0x3c08</run_address>
         <size>0x8</size>
         <input_file_ref idref="fl-c"/>
      </object_component>
      <object_component id="oc-883">
         <name>.bss:xPendingReadyList</name>
         <uninitialized>true</uninitialized>
         <run_address>0x3bca</run_address>
         <size>0x12</size>
         <input_file_ref idref="fl-c"/>
      </object_component>
      <object_component id="oc-b52">
         <name>.bss:xTasksWaitingTermination</name>
         <uninitialized>true</uninitialized>
         <run_address>0x3bee</run_address>
         <size>0x12</size>
         <input_file_ref idref="fl-c"/>
      </object_component>
      <object_component id="oc-b44">
         <name>.bss:xSuspendedTaskList</name>
         <uninitialized>true</uninitialized>
         <run_address>0x3bdc</run_address>
         <size>0x12</size>
         <input_file_ref idref="fl-c"/>
      </object_component>
      <object_component id="oc-a82">
         <name>.bss:xStart</name>
         <uninitialized>true</uninitialized>
         <run_address>0x3c10</run_address>
         <size>0x8</size>
         <input_file_ref idref="fl-10"/>
      </object_component>
      <object_component id="oc-72a">
         <name>.bss</name>
         <uninitialized>true</uninitialized>
         <run_address>0x3c00</run_address>
         <size>0x8</size>
         <input_file_ref idref="fl-15"/>
      </object_component>
      <object_component id="oc-c86">
         <name>.bss</name>
         <uninitialized>true</uninitialized>
         <run_address>0x3c20</run_address>
         <size>0x4</size>
         <input_file_ref idref="fl-ad"/>
      </object_component>
      <object_component id="oc-a08">
         <name>.common:CxtSwBuf</name>
         <uninitialized>true</uninitialized>
         <run_address>0x0</run_address>
         <size>0x3a98</size>
      </object_component>
      <object_component id="oc-8da">
         <name>.common:task_info</name>
         <uninitialized>true</uninitialized>
         <run_address>0x3b92</run_address>
         <size>0x14</size>
      </object_component>
      <object_component id="oc-c9b">
         <name>.common:__TI_tmpnams</name>
         <uninitialized>true</uninitialized>
         <run_address>0x3a98</run_address>
         <size>0xa0</size>
      </object_component>
      <object_component id="oc-ca6">
         <name>.common:parmbuf</name>
         <uninitialized>true</uninitialized>
         <run_address>0x3c18</run_address>
         <size>0x8</size>
      </object_component>
      <object_component id="oc-8d7">
         <name>.data</name>
         <load_address>0x1de0</load_address>
         <run_address>0x1de0</run_address>
         <size>0x4</size>
         <input_file_ref idref="fl-5"/>
      </object_component>
      <object_component id="oc-791">
         <name>.data</name>
         <load_address>0x1d7c</load_address>
         <run_address>0x1d7c</run_address>
         <size>0x28</size>
         <input_file_ref idref="fl-c"/>
      </object_component>
      <object_component id="oc-78e">
         <name>.data</name>
         <load_address>0x1de4</load_address>
         <run_address>0x1de4</run_address>
         <size>0x2</size>
         <input_file_ref idref="fl-e"/>
      </object_component>
      <object_component id="oc-a79">
         <name>.data</name>
         <load_address>0x1da4</load_address>
         <run_address>0x1da4</run_address>
         <size>0x18</size>
         <input_file_ref idref="fl-10"/>
      </object_component>
      <object_component id="oc-71d">
         <name>.data</name>
         <load_address>0x1dbc</load_address>
         <run_address>0x1dbc</run_address>
         <size>0xc</size>
         <input_file_ref idref="fl-14"/>
      </object_component>
      <object_component id="oc-980">
         <name>.data</name>
         <load_address>0x1dc8</load_address>
         <run_address>0x1dc8</run_address>
         <size>0x8</size>
         <input_file_ref idref="fl-22"/>
      </object_component>
      <object_component id="oc-91a">
         <name>.data</name>
         <load_address>0x1de8</load_address>
         <run_address>0x1de8</run_address>
         <size>0x2</size>
         <input_file_ref idref="fl-94"/>
      </object_component>
      <object_component id="oc-923">
         <name>.data:__TI_cleanup_ptr</name>
         <load_address>0x1dd0</load_address>
         <run_address>0x1dd0</run_address>
         <size>0x4</size>
         <input_file_ref idref="fl-95"/>
      </object_component>
      <object_component id="oc-920">
         <name>.data:__TI_dtors_ptr</name>
         <load_address>0x1dd4</load_address>
         <run_address>0x1dd4</run_address>
         <size>0x4</size>
         <input_file_ref idref="fl-95"/>
      </object_component>
      <object_component id="oc-91d">
         <name>.data:_lock</name>
         <load_address>0x1dd8</load_address>
         <run_address>0x1dd8</run_address>
         <size>0x4</size>
[...]
         <name>__TI_int24</name>
         <value>0xffc0</value>
         <object_component_ref idref="oc-96"/>
      </symbol>
      <symbol id="sm-bb2">
         <name>__TI_int25</name>
         <value>0xffc2</value>
         <object_component_ref idref="oc-97"/>
      </symbol>
      <symbol id="sm-bb5">
         <name>__TI_int26</name>
         <value>0xffc4</value>
         <object_component_ref idref="oc-98"/>
      </symbol>
      <symbol id="sm-bb8">
         <name>__TI_int27</name>
         <value>0xffc6</value>
         <object_component_ref idref="oc-99"/>
      </symbol>
      <symbol id="sm-bbb">
         <name>__TI_int28</name>
         <value>0xffc8</value>
         <object_component_ref idref="oc-9a"/>
      </symbol>
      <symbol id="sm-bbe">
         <name>__TI_int29</name>
         <value>0xffca</value>
         <object_component_ref idref="oc-9b"/>
      </symbol>
      <symbol id="sm-bc1">
         <name>__TI_int30</name>
         <value>0xffcc</value>
         <object_component_ref idref="oc-9c"/>
      </symbol>
      <symbol id="sm-bc4">
         <name>__TI_int31</name>
         <value>0xffce</value>
         <object_component_ref idref="oc-9d"/>
      </symbol>
      <symbol id="sm-bc7">
         <name>__TI_int32</name>
         <value>0xffd0</value>
         <object_component_ref idref="oc-9e"/>
      </symbol>
      <symbol id="sm-bca">
         <name>__TI_int33</name>
         <value>0xffd2</value>
         <object_component_ref idref="oc-9f"/>
      </symbol>
      <symbol id="sm-bcd">
         <name>__TI_int34</name>
         <value>0xffd4</value>
         <object_component_ref idref="oc-a0"/>
      </symbol>
      <symbol id="sm-bd0">
         <name>__TI_int35</name>
         <value>0xffd6</value>
         <object_component_ref idref="oc-a1"/>
      </symbol>
      <symbol id="sm-bd3">
         <name>__TI_int36</name>
         <value>0xffd8</value>
         <object_component_ref idref="oc-a2"/>
      </symbol>
      <symbol id="sm-bd6">
         <name>__TI_int37</name>
         <value>0xffda</value>
         <object_component_ref idref="oc-a3"/>
      </symbol>
      <symbol id="sm-bd9">
         <name>__TI_int38</name>
         <value>0xffdc</value>
         <object_component_ref idref="oc-a4"/>
      </symbol>
      <symbol id="sm-bdc">
         <name>__TI_int39</name>
         <value>0xffde</value>
         <object_component_ref idref="oc-a5"/>
      </symbol>
      <symbol id="sm-bdf">
         <name>__TI_int41</name>
         <value>0xffe2</value>
         <object_component_ref idref="oc-a7"/>
      </symbol>
      <symbol id="sm-be2">
         <name>__TI_int42</name>
         <value>0xffe4</value>
         <object_component_ref idref="oc-a8"/>
      </symbol>
      <symbol id="sm-be5">
         <name>__TI_int43</name>
         <value>0xffe6</value>
         <object_component_ref idref="oc-a9"/>
      </symbol>
      <symbol id="sm-be8">
         <name>__TI_int44</name>
         <value>0xffe8</value>
         <object_component_ref idref="oc-aa"/>
      </symbol>
      <symbol id="sm-beb">
         <name>__TI_int46</name>
         <value>0xffec</value>
         <object_component_ref idref="oc-ac"/>
      </symbol>
      <symbol id="sm-bee">
         <name>__TI_int47</name>
         <value>0xffee</value>
         <object_component_ref idref="oc-ad"/>
      </symbol>
      <symbol id="sm-bf1">
         <name>__TI_int49</name>
         <value>0xfff2</value>
         <object_component_ref idref="oc-af"/>
      </symbol>
      <symbol id="sm-bf4">
         <name>__TI_int50</name>
         <value>0xfff4</value>
         <object_component_ref idref="oc-b0"/>
      </symbol>
      <symbol id="sm-bf7">
         <name>__TI_int51</name>
         <value>0xfff6</value>
         <object_component_ref idref="oc-b1"/>
      </symbol>
      <symbol id="sm-bfa">
         <name>__TI_int52</name>
         <value>0xfff8</value>
         <object_component_ref idref="oc-b2"/>
      </symbol>
      <symbol id="sm-bfd">
         <name>__TI_int53</name>
         <value>0xfffa</value>
         <object_component_ref idref="oc-b3"/>
      </symbol>
      <symbol id="sm-c00">
         <name>__TI_int54</name>
         <value>0xfffc</value>
         <object_component_ref idref="oc-b4"/>
      </symbol>
      <symbol id="sm-c13">
         <name>__TI_zero_init</name>
         <value>0x130a8</value>
         <object_component_ref idref="oc-6d2"/>
      </symbol>
      <symbol id="sm-c1f">
         <name>__mspabi_remu</name>
         <value>0x13226</value>
         <object_component_ref idref="oc-b9a"/>
      </symbol>
      <symbol id="sm-c20">
         <name>__mspabi_divu</name>
         <value>0x13226</value>
         <object_component_ref idref="oc-b9a"/>
      </symbol>
      <symbol id="sm-c2e">
         <name>__mspabi_remul</name>
         <value>0x12848</value>
         <object_component_ref idref="oc-987"/>
      </symbol>
      <symbol id="sm-c2f">
         <name>__mspabi_divul</name>
         <value>0x12848</value>
         <object_component_ref idref="oc-987"/>
      </symbol>
      <symbol id="sm-c38">
         <name>__mspabi_mpyi_f5hw</name>
         <value>0x131a0</value>
         <object_component_ref idref="oc-863"/>
      </symbol>
      <symbol id="sm-c41">
         <name>__mspabi_mpyl_f5hw</name>
         <value>0x130f0</value>
         <object_component_ref idref="oc-a09"/>
      </symbol>
      <symbol id="sm-c57">
         <name>_stack</name>
         <value>0x2800</value>
         <object_component_ref idref="oc-696"/>
      </symbol>
      <symbol id="sm-c58">
         <name>_c_int00_noargs</name>
         <value>0x806a</value>
         <object_component_ref idref="oc-6de"/>
      </symbol>
      <symbol id="sm-c59">
         <name>_reset_vector</name>
         <value>0xfffe</value>
         <object_component_ref idref="oc-699"/>
      </symbol>
      <symbol id="sm-c7d">
         <name>__TI_auto_init_nobinit_nopinit_hold_wdt</name>
         <value>0x1203e</value>
         <object_component_ref idref="oc-806"/>
      </symbol>
      <symbol id="sm-c85">
         <name>__mspabi_sral_15</name>
         <value>0x12bda</value>
         <object_component_ref idref="oc-92b"/>
      </symbol>
      <symbol id="sm-c86">
         <name>__mspabi_sral_14</name>
         <value>0x12bde</value>
         <object_component_ref idref="oc-92b"/>
      </symbol>
      <symbol id="sm-c87">
         <name>__mspabi_sral_13</name>
         <value>0x12be2</value>
         <object_component_ref idref="oc-92b"/>
      </symbol>
      <symbol id="sm-c88">
         <name>__mspabi_sral_12</name>
         <value>0x12be6</value>
         <object_component_ref idref="oc-92b"/>
      </symbol>
      <symbol id="sm-c89">
         <name>__mspabi_sral_11</name>
         <value>0x12bea</value>
         <object_component_ref idref="oc-92b"/>
      </symbol>
      <symbol id="sm-c8a">
         <name>__mspabi_sral_10</name>
         <value>0x12bee</value>
         <object_component_ref idref="oc-92b"/>
      </symbol>
      <symbol id="sm-c8b">
         <name>__mspabi_sral_8</name>
         <value>0x12bf6</value>
         <object_component_ref idref="oc-92b"/>
      </symbol>
      <symbol id="sm-c8c">
         <name>__mspabi_sral_9</name>
         <value>0x12bf2</value>
         <object_component_ref idref="oc-92b"/>
      </symbol>
      <symbol id="sm-c8d">
         <name>__mspabi_sral_6</name>
         <value>0x12bfe</value>
         <object_component_ref idref="oc-92b"/>
      </symbol>
      <symbol id="sm-c8e">
         <name>__mspabi_sral_7</name>
         <value>0x12bfa</value>
         <object_component_ref idref="oc-92b"/>
      </symbol>
      <symbol id="sm-c8f">
         <name>__mspabi_sral_4</name>
         <value>0x12c06</value>
         <object_component_ref idref="oc-92b"/>
      </symbol>
      <symbol id="sm-c90">
         <name>__mspabi_sral_5</name>
         <value>0x12c02</value>
         <object_component_ref idref="oc-92b"/>
      </symbol>
      <symbol id="sm-c91">
         <name>__mspabi_sral_2</name>
         <value>0x12c0e</value>
         <object_component_ref idref="oc-92b"/>
      </symbol>
      <symbol id="sm-c92">
         <name>__mspabi_sral_3</name>
         <value>0x12c0a</value>
         <object_component_ref idref="oc-92b"/>
      </symbol>
      <symbol id="sm-c93">
         <name>__mspabi_sral_1</name>
         <value>0x12c12</value>
         <object_component_ref idref="oc-92b"/>
      </symbol>
      <symbol id="sm-c9c">
         <name>_system_post_cinit</name>
         <value>0x13306</value>
         <object_component_ref idref="oc-930"/>
      </symbol>
      <symbol id="sm-cba">
         <name>C$$EXIT</name>
         <value>0x132f8</value>
         <object_component_ref idref="oc-7e2"/>
      </symbol>
      <symbol id="sm-cbb">
         <name>abort</name>
         <value>0x132f8</value>
         <object_component_ref idref="oc-7e2"/>
      </symbol>
      <symbol id="sm-cbc">
         <name>__TI_enable_exit_profile_output</name>
         <value>0x1de8</value>
         <object_component_ref idref="oc-91a"/>
      </symbol>
      <symbol id="sm-cbd">
         <name>exit</name>
         <value>0x12a78</value>
         <object_component_ref idref="oc-7e8"/>
      </symbol>
      <symbol id="sm-ccc">
         <name>__TI_dtors_ptr</name>
         <value>0x1dd4</value>
         <object_component_ref idref="oc-920"/>
      </symbol>
      <symbol id="sm-ccd">
         <name>__TI_cleanup_ptr</name>
         <value>0x1dd0</value>
         <object_component_ref idref="oc-923"/>
      </symbol>
      <symbol id="sm-ce3">
         <name>_nop</name>
         <value>0x13304</value>
         <object_component_ref idref="oc-a42"/>
      </symbol>
      <symbol id="sm-ce4">
         <name>_lock</name>
         <value>0x1dd8</value>
         <object_component_ref idref="oc-91d"/>
      </symbol>
      <symbol id="sm-ce5">
         <name>_unlock</name>
         <value>0x1ddc</value>
         <object_component_ref idref="oc-926"/>
      </symbol>
      <symbol id="sm-cf4">
         <name>memcpy</name>
         <value>0x12c94</value>
         <object_component_ref idref="oc-6a8"/>
      </symbol>
      <symbol id="sm-d03">
         <name>memset</name>
         <value>0x13114</value>
         <object_component_ref idref="oc-ac8"/>
      </symbol>
      <symbol id="sm-d22">
         <name>putc</name>
         <value>0x11da4</value>
         <object_component_ref idref="oc-bb5"/>
      </symbol>
      <symbol id="sm-d23">
         <name>fputc</name>
         <value>0x11da4</value>
         <object_component_ref idref="oc-bb5"/>
      </symbol>
      <symbol id="sm-d24">
         <name>putchar</name>
         <value>0x132e2</value>
         <object_component_ref idref="oc-ba0"/>
      </symbol>
      <symbol id="sm-d35">
         <name>__TI_doflush</name>
         <value>0x12730</value>
         <object_component_ref idref="oc-bc8"/>
      </symbol>
      <symbol id="sm-d45">
         <name>__TI_tmpnams</name>
         <value>0x3a98</value>
      </symbol>
      <symbol id="sm-d46">
         <name>_ftable</name>
         <value>0x1c00</value>
         <object_component_ref idref="oc-bb2"/>
      </symbol>
      <symbol id="sm-d47">
         <name>__TI_ft_end</name>
         <value>0x1de6</value>
         <object_component_ref idref="oc-c4f"/>
      </symbol>
      <symbol id="sm-d5f">
         <name>__TI_wrt_ok</name>
         <value>0x11e34</value>
         <object_component_ref idref="oc-bc2"/>
      </symbol>
      <symbol id="sm-d74">
         <name>fseek</name>
         <value>0x12214</value>
         <object_component_ref idref="oc-bdd"/>
      </symbol>
      <symbol id="sm-d87">
         <name>lseek</name>
         <value>0x12c56</value>
         <object_component_ref idref="oc-bf4"/>
      </symbol>
      <symbol id="sm-d96">
         <name>_stream</name>
         <value>0x1d40</value>
         <object_component_ref idref="oc-bed"/>
      </symbol>
      <symbol id="sm-d97">
         <name>_device</name>
         <value>0x1cc8</value>
         <object_component_ref idref="oc-c19"/>
      </symbol>
      <symbol id="sm-da3">
         <name>HOSTclose</name>
         <value>0x12944</value>
         <object_component_ref idref="oc-c5b"/>
      </symbol>
      <symbol id="sm-daf">
         <name>HOSTlseek</name>
         <value>0x11bde</value>
         <object_component_ref idref="oc-c6d"/>
      </symbol>
      <symbol id="sm-dbd">
         <name>parmbuf</name>
         <value>0x3c18</value>
      </symbol>
      <symbol id="sm-dbe">
         <name>HOSTopen</name>
         <value>0x12452</value>
         <object_component_ref idref="oc-c55"/>
      </symbol>
      <symbol id="sm-dcb">
         <name>HOSTread</name>
         <value>0x1259c</value>
         <object_component_ref idref="oc-c61"/>
      </symbol>
      <symbol id="sm-dd7">
         <name>HOSTrename</name>
         <value>0x1212c</value>
         <object_component_ref idref="oc-c79"/>
      </symbol>
      <symbol id="sm-de3">
         <name>HOSTunlink</name>
         <value>0x12b0a</value>
         <object_component_ref idref="oc-c73"/>
      </symbol>
      <symbol id="sm-df0">
         <name>HOSTwrite</name>
         <value>0x12530</value>
         <object_component_ref idref="oc-c67"/>
      </symbol>
      <symbol id="sm-e0e">
         <name>__TI_readmsg</name>
         <value>0x12f28</value>
         <object_component_ref idref="oc-caf"/>
      </symbol>
      <symbol id="sm-e0f">
         <name>C$$IO$$</name>
         <value>0x12de8</value>
         <object_component_ref idref="oc-ca9"/>
      </symbol>
      <symbol id="sm-e10">
         <name>_CIOBUF_</name>
         <value>0x7800</value>
         <object_component_ref idref="oc-ce0"/>
      </symbol>
      <symbol id="sm-e11">
         <name>__TI_writemsg</name>
         <value>0x12db6</value>
         <object_component_ref idref="oc-ca9"/>
      </symbol>
      <symbol id="sm-e19">
         <name>__mspabi_slll_9</name>
         <value>0x12c30</value>
         <object_component_ref idref="oc-cbc"/>
      </symbol>
      <symbol id="sm-e1a">
         <name>__mspabi_slll_8</name>
         <value>0x12c34</value>
         <object_component_ref idref="oc-cbc"/>
      </symbol>
      <symbol id="sm-e1b">
         <name>__mspabi_slll_7</name>
         <value>0x12c38</value>
         <object_component_ref idref="oc-cbc"/>
      </symbol>
      <symbol id="sm-e1c">
         <name>__mspabi_slll_6</name>
         <value>0x12c3c</value>
         <object_component_ref idref="oc-cbc"/>
      </symbol>
      <symbol id="sm-e1d">
         <name>__mspabi_slll_5</name>
         <value>0x12c40</value>
         <object_component_ref idref="oc-cbc"/>
      </symbol>
      <symbol id="sm-e1e">
         <name>__mspabi_slll_4</name>
         <value>0x12c44</value>
         <object_component_ref idref="oc-cbc"/>
      </symbol>
      <symbol id="sm-e1f">
         <name>__mspabi_slll_3</name>
         <value>0x12c48</value>
         <object_component_ref idref="oc-cbc"/>
      </symbol>
      <symbol id="sm-e20">
         <name>__mspabi_slll_2</name>
         <value>0x12c4c</value>
         <object_component_ref idref="oc-cbc"/>
      </symbol>
      <symbol id="sm-e21">
         <name>__mspabi_slll_1</name>
         <value>0x12c50</value>
         <object_component_ref idref="oc-cbc"/>
      </symbol>
      <symbol id="sm-e22">
         <name>__mspabi_slll_15</name>
         <value>0x12c18</value>
         <object_component_ref idref="oc-cbc"/>
      </symbol>
      <symbol id="sm-e23">
         <name>__mspabi_slll_14</name>
         <value>0x12c1c</value>
         <object_component_ref idref="oc-cbc"/>
      </symbol>
      <symbol id="sm-e24">
         <name>__mspabi_slll_13</name>
         <value>0x12c20</value>
         <object_component_ref idref="oc-cbc"/>
      </symbol>
      <symbol id="sm-e25">
         <name>__mspabi_slll_12</name>
         <value>0x12c24</value>
         <object_component_ref idref="oc-cbc"/>
      </symbol>
      <symbol id="sm-e26">
         <name>__mspabi_slll_11</name>
         <value>0x12c28</value>
         <object_component_ref idref="oc-cbc"/>
      </symbol>
      <symbol id="sm-e27">
         <name>__mspabi_slll_10</name>
         <value>0x12c2c</value>
         <object_component_ref idref="oc-cbc"/>
      </symbol>
      <symbol id="sm-e40">
         <name>setvbuf</name>
         <value>0x11072</value>
         <object_component_ref idref="oc-be3"/>
      </symbol>
      <symbol id="sm-e51">
         <name>__TI_cleanup</name>
         <value>0x12d80</value>
         <object_component_ref idref="oc-c08"/>
      </symbol>
      <symbol id="sm-e62">
         <name>__TI_closefile</name>
         <value>0x121a0</value>
         <object_component_ref idref="oc-c49"/>
      </symbol>
      <symbol id="sm-e74">
         <name>close</name>
         <value>0x127ee</value>
         <object_component_ref idref="oc-c95"/>
      </symbol>
      <symbol id="sm-efa">
         <name>_sys_memory</name>
         <value>0x7920</value>
         <object_component_ref idref="oc-69a"/>
      </symbol>
      <symbol id="sm-efb">
         <name>free</name>
         <value>0x10cb4</value>
         <object_component_ref idref="oc-bfc"/>
      </symbol>
      <symbol id="sm-efc">
         <name>memalign</name>
         <value>0x101d8</value>
         <object_component_ref idref="oc-c42"/>
      </symbol>
      <symbol id="sm-efd">
         <name>malloc</name>
         <value>0x132c0</value>
         <object_component_ref idref="oc-c02"/>
      </symbol>
      <symbol id="sm-efe">
         <name>aligned_alloc</name>
         <value>0x101d8</value>
         <object_component_ref idref="oc-c42"/>
      </symbol>
      <symbol id="sm-f23">
         <name>finddevice</name>
         <value>0x12dec</value>
         <object_component_ref idref="oc-d03"/>
      </symbol>
      <symbol id="sm-f24">
         <name>getdevice</name>
         <value>0x1266c</value>
         <object_component_ref idref="oc-cd4"/>
      </symbol>
      <symbol id="sm-f41">
         <name>sprintf</name>
         <value>0x12b96</value>
         <object_component_ref idref="oc-a0f"/>
      </symbol>
      <symbol id="sm-f96">
         <name>__TI_printfi_minimal</name>
         <value>0x11344</value>
         <object_component_ref idref="oc-ab8"/>
      </symbol>
      <symbol id="sm-fa7">
         <name>memccpy</name>
         <value>0x12e8c</value>
         <object_component_ref idref="oc-b7e"/>
      </symbol>
      <symbol id="sm-fb6">
         <name>strchr</name>
         <value>0x13150</value>
         <object_component_ref idref="oc-cf7"/>
      </symbol>
      <symbol id="sm-fc4">
         <name>strcmp</name>
         <value>0x1316c</value>
         <object_component_ref idref="oc-d1c"/>
      </symbol>
      <symbol id="sm-fd1">
         <name>strcpy</name>
         <value>0x13274</value>
         <object_component_ref idref="oc-cc5"/>
      </symbol>
      <symbol id="sm-fde">
         <name>strlen</name>
         <value>0x13286</value>
         <object_component_ref idref="oc-b1e"/>
      </symbol>
      <symbol id="sm-ff1">
         <name>strncpy</name>
         <value>0x12992</value>
         <object_component_ref idref="oc-cfd"/>
      </symbol>
      <symbol id="sm-ffd">
         <name>unlink</name>
         <value>0x12f5a</value>
         <object_component_ref idref="oc-c9c"/>
      </symbol>
      <symbol id="sm-100b">
         <name>write</name>
         <value>0x12cd0</value>
         <object_component_ref idref="oc-bce"/>
      </symbol>
      <symbol id="sm-1010">
         <name>vPortSetupTimerInterrupt</name>
         <value>0x13082</value>
      </symbol>
      <symbol id="sm-1011">
         <name>remove</name>
         <value>0x12f5a</value>
      </symbol>
   </symbol_table>
   <title>Link errors: red sections failed placement,available memory ranges in purple</title>
</link_info>
